{
    "Updated FFD coordinates": {
        "__ndarray__": [
            [
                -1.0,
                -0.5,
                -2.804661220402718e-18
            ],
            [
                1.0,
                -0.5,
                -2.804661220402718e-18
            ],
            [
                -1.0,
                0.5,
                2.804661220402718e-18
            ],
            [
                1.0,
                0.5,
                2.804661220402718e-18
            ],
            [
                -1.9820508075688774,
                0.5669872981077806,
                8.0
            ],
            [
                1.4820508075688774,
                -1.4330127018922192,
                8.0
            ],
            [
                -1.4820508075688774,
                1.4330127018922192,
                8.0
            ],
            [
                1.9820508075688774,
                -0.5669872981077806,
                8.0
            ],
            [
                -0.33333333,
                -0.5,
                -2.804661220402718e-18
            ],
            [
                0.33333333,
                -0.5,
                -2.804661220402718e-18
            ],
            [
                -0.33333333,
                0.5,
                2.804661220402718e-18
            ],
            [
                0.33333333,
                0.5,
                2.804661220402718e-18
            ],
            [
                -0.827350263416123,
                -0.09967937189221938,
                8.0
            ],
            [
                0.32735026341612306,
                -0.7663460318922193,
                8.0
            ],
            [
                -0.3273502634161231,
                0.7663460318922193,
                8.0
            ],
            [
                0.8273502634161229,
                0.09967937189221941,
                8.0
            ],
            [
                -0.11602540378443882,
                -1.799038105676658,
                3.32194917
            ],
            [
                -1.0,
                -0.5,
                5.78384945
            ],
            [
                1.6160254037844386,
                -0.799038105676658,
                3.32194917
            ],
            [
                1.0,
                -0.5,
                5.78384945
            ],
            [
                -1.6160254037844386,
                0.799038105676658,
                3.32194917
            ],
            [
                -1.0,
                0.5,
                5.78384945
            ],
            [
                0.11602540378443882,
                1.799038105676658,
                3.32194917
            ],
            [
                1.0,
                0.5,
                5.78384945
            ],
            [
                0.46132486829193836,
                -1.465704770676658,
                3.32194917
            ],
            [
                -0.33333333,
                -0.5,
                5.78384945
            ],
            [
                1.0386751317080614,
                -1.132371440676658,
                3.32194917
            ],
            [
                0.33333333,
                -0.5,
                5.78384945
            ],
            [
                -1.0386751317080614,
                1.132371440676658,
                3.32194917
            ],
            [
                -0.33333333,
                0.5,
                5.78384945
            ],
            [
                -0.46132486829193836,
                1.465704770676658,
                3.32194917
            ],
            [
                0.33333333,
                0.5,
                5.78384945
            ]
        ],
        "dtype": "float64",
        "shape": [
            32,
            3
        ]
    },
    "dIdx": {
        "chord": {
            "__ndarray__": [
                [
                    0.1024175839015723,
                    0.08303406057669105,
                    0.02243968582087641
                ],
                [
                    0.0,
                    0.0,
                    0.0
                ],
                [
                    0.0,
                    0.0,
                    0.0
                ],
                [
                    -0.04462049891340136,
                    -0.25749326610198464,
                    -0.4953088356433655
                ],
                [
                    0.0,
                    0.0,
                    0.0
                ],
                [
                    0.0,
                    0.0,
                    0.0
                ]
            ],
            "dtype": "float64",
            "shape": [
                6,
                3
            ]
        },
        "thickness": {
            "__ndarray__": [
                [
                    0.0,
                    0.0,
                    0.0
                ],
                [
                    0.16386813424251578,
                    0.13285449692270523,
                    0.03590349731340259
                ],
                [
                    0.0,
                    0.0,
                    0.0
                ],
                [
                    0.0,
                    0.0,
                    0.0
                ],
                [
                    0.011155124728350618,
                    0.06437331652549699,
                    0.12382720891084109
                ],
                [
                    0.0,
                    0.0,
                    0.0
                ]
            ],
            "dtype": "float64",
            "shape": [
                6,
                3
            ]
        },
        "twist": {
            "__ndarray__": [
                [
                    -0.0028615969382142503,
                    -0.0023200119009064712,
                    -0.0006269756988333541
                ],
                [
                    0.0017850272897235175,
                    0.0014471935234128264,
                    0.0003910993604533397
                ],
                [
                    0.0,
                    0.0,
                    0.0
                ],
                [
                    -0.0001940139472467184,
                    -0.001119603907666633,
                    -0.0021536474187600074
                ],
                [
                    -0.0007789441267630481,
                    -0.004495083474986283,
                    -0.008646651603049227
                ],
                [
                    0.0,
                    0.0,
                    0.0
                ]
            ],
            "dtype": "float64",
            "shape": [
                6,
                3
            ]
        }
    }
}