{
    "derivs_base": {
        "DVCon1_thickness_constraints_0": {
            "local": {
                "__ndarray__": [
                    [
                        -0.23684604187080124,
                        -0.0511587448522478,
                        0.23684604187080124,
                        0.05115874485224777,
                        -2.4859199816308616e-07,
                        -5.3695871401867114e-08,
                        2.48591998163086e-07,
                        5.369587140186705e-08,
                        -0.42632287483453873,
                        -0.2557937245809811,
                        0.4263228748345387,
                        0.25579372458098104,
                        -4.4746559613422315e-07,
                        -2.684793573449347e-07,
                        4.4746559613422283e-07,
                        2.684793573449345e-07,
                        -0.007220950878028082,
                        -7.338400249522697e-05,
                        -0.001559725383805096,
                        -1.585094447952799e-05,
                        0.007220950878028081,
                        7.338400249522693e-05,
                        0.001559725383805095,
                        1.5850944479527972e-05,
                        -0.01299771156420341,
                        -0.00013209120432629455,
                        -0.007798626928773763,
                        -7.925472249670833e-05,
                        0.012997711564203407,
                        0.00013209120432629447,
                        0.0077986269287737605,
                        7.925472249670828e-05
                    ],
                    [
                        -0.0018947683136502616,
                        -0.6499055388934788,
                        0.0018947683136502616,
                        0.6499055388934788,
                        -1.9887359629314045e-09,
                        -6.821364429595086e-07,
                        1.9887359629314045e-09,
                        6.821364429595086e-07,
                        -0.03979013473586854,
                        -0.27853094419557106,
                        0.03979013473586854,
                        0.27853094419557106,
                        -4.176345537817249e-08,
                        -2.923441887434984e-07,
                        4.176345537817249e-08,
                        2.923441887434984e-07,
                        -5.776760637433893e-05,
                        -5.87072013357254e-07,
                        -0.019814289209309062,
                        -0.00020136570284690284,
                        5.776760637433893e-05,
                        5.87072013357254e-07,
                        0.019814289209309062,
                        0.00020136570284690284,
                        -0.0012131197384103178,
                        -1.2328512326734267e-05,
                        -0.008491838200716625,
                        -8.62995866107634e-05,
                        0.0012131197384103178,
                        1.2328512326734267e-05,
                        0.008491838200716625,
                        8.62995866107634e-05
                    ],
                    [
                        -8.265778756164641e-07,
                        -1.7854082046362824e-07,
                        8.265778756164458e-07,
                        1.785408204636242e-07,
                        -0.2333070545630445,
                        -0.050394323596638924,
                        0.2333070545630446,
                        0.05039432359663891,
                        -1.4878401742498353e-06,
                        -8.927041034340212e-07,
                        1.4878401742498023e-06,
                        8.927041034340013e-07,
                        -0.4199526976885393,
                        -0.2519716182981591,
                        0.4199526976885394,
                        0.2519716182981591,
                        -0.00016266210797477183,
                        -0.010670082094427848,
                        -3.5135015190794425e-05,
                        -0.0023047377237536497,
                        0.00016266210797476945,
                        0.010670082094427772,
                        3.513501519079389e-05,
                        0.0023047377237536324,
                        -0.00029279179398859957,
                        -0.019206147745962448,
                        -0.00017567507617356594,
                        -0.011523688633172859,
                        0.0002927917939885953,
                        0.019206147745962306,
                        0.00017567507617356333,
                        0.011523688633172774
                    ],
                    [
                        -6.612622930539705e-09,
                        -2.2681296906915773e-06,
                        6.612622930539559e-09,
                        2.2681296906915273e-06,
                        -0.0018664564155067215,
                        -0.6401945577209941,
                        0.0018664564155067222,
                        0.6401945577209943,
                        -1.3886508206207785e-07,
                        -9.720555780797532e-07,
                        1.3886508206207478e-07,
                        9.720555780797316e-07,
                        -0.039195584872624596,
                        -0.2743690951372562,
                        0.03919558487262461,
                        0.2743690951372563,
                        -1.3012968491585852e-06,
                        -8.536065579511542e-05,
                        -0.00044634482428277387,
                        -0.029278705267110017,
                        1.301296849158566e-06,
                        8.536065579511481e-05,
                        0.00044634482428276736,
                        0.02927870526710981,
                        -2.7327233934807416e-05,
                        -0.0017925737784195755,
                        -0.00019129063826099177,
                        -0.012548016495992088,
                        2.7327233934807016e-05,
                        0.0017925737784195627,
                        0.00019129063826098895,
                        0.012548016495991998
                    ]
                ],
                "dtype": "float64",
                "shape": [
                    4,
                    32
                ]
            },
            "local_x": {
                "__ndarray__": [
                    [
                        0.0,
                        0.0,
                        0.0,
                        0.0,
                        0.0,
                        0.0,
                        0.0,
                        0.0,
                        0.0,
                        0.0,
                        0.0,
                        0.0,
                        0.0,
                        0.0,
                        0.0,
                        0.0,
                        0.0,
                        0.0,
                        0.0,
                        0.0,
                        0.0,
                        0.0,
                        0.0,
                        0.0,
                        0.0,
                        0.0,
                        0.0,
                        0.0,
                        0.0,
                        0.0,
                        0.0,
                        0.0
                    ],
                    [
                        0.0,
                        0.0,
                        0.0,
                        0.0,
                        0.0,
                        0.0,
                        0.0,
                        0.0,
                        0.0,
                        0.0,
                        0.0,
                        0.0,
                        0.0,
                        0.0,
                        0.0,
                        0.0,
                        0.0,
                        0.0,
                        0.0,
                        0.0,
                        0.0,
                        0.0,
                        0.0,
                        0.0,
                        0.0,
                        0.0,
                        0.0,
                        0.0,
                        0.0,
                        0.0,
                        0.0,
                        0.0
                    ],
                    [
                        0.0,
                        0.0,
                        0.0,
                        0.0,
                        0.0,
                        0.0,
                        0.0,
                        0.0,
                        0.0,
                        0.0,
                        0.0,
                        0.0,
                        0.0,
                        0.0,
                        0.0,
                        0.0,
                        0.0,
                        0.0,
                        0.0,
                        0.0,
                        0.0,
                        0.0,
                        0.0,
                        0.0,
                        0.0,
                        0.0,
                        0.0,
                        0.0,
                        0.0,
                        0.0,
                        0.0,
                        0.0
                    ],
                    [
                        0.0,
                        0.0,
                        0.0,
                        0.0,
                        0.0,
                        0.0,
                        0.0,
                        0.0,
                        0.0,
                        0.0,
                        0.0,
                        0.0,
                        0.0,
                        0.0,
                        0.0,
                        0.0,
                        0.0,
                        0.0,
                        0.0,
                        0.0,
                        0.0,
                        0.0,
                        0.0,
                        0.0,
                        0.0,
                        0.0,
                        0.0,
                        0.0,
                        0.0,
                        0.0,
                        0.0,
                        0.0
                    ]
                ],
                "dtype": "float64",
                "shape": [
                    4,
                    32
                ]
            },
            "twist": {
                "__ndarray__": [
                    [
                        0.0,
                        8.470329472543003e-22,
                        1.6543612251060553e-24
                    ],
                    [
                        0.0,
                        0.0,
                        0.0
                    ],
                    [
                        4.2351647362715017e-20,
                        1.3552527156068805e-18,
                        -2.6020852139652106e-18
                    ],
                    [
                        -1.2705494208814505e-19,
                        -4.0115480381963664e-18,
                        5.204170427930421e-18
                    ]
                ],
                "dtype": "float64",
                "shape": [
                    4,
                    3
                ]
            }
        },
        "DVCon1_thickness_constraints_1": {
            "local": {
                "__ndarray__": [
                    [
                        0.0,
                        0.0,
                        0.0,
                        0.0,
                        0.0,
                        0.0,
                        0.0,
                        0.0,
                        0.0,
                        0.0,
                        0.0,
                        0.0,
                        0.0,
                        0.0,
                        0.0,
                        0.0,
                        0.0,
                        0.0,
                        0.0,
                        0.0,
                        0.0,
                        0.0,
                        0.0,
                        0.0,
                        0.0,
                        0.0,
                        0.0,
                        0.0,
                        0.0,
                        0.0,
                        0.0,
                        0.0
                    ],
                    [
                        0.0,
                        0.0,
                        0.0,
                        0.0,
                        0.0,
                        0.0,
                        0.0,
                        0.0,
                        0.0,
                        0.0,
                        0.0,
                        0.0,
                        0.0,
                        0.0,
                        0.0,
                        0.0,
                        0.0,
                        0.0,
                        0.0,
                        0.0,
                        0.0,
                        0.0,
                        0.0,
                        0.0,
                        0.0,
                        0.0,
                        0.0,
                        0.0,
                        0.0,
                        0.0,
                        0.0,
                        0.0
                    ],
                    [
                        0.0,
                        0.0,
                        0.0,
                        0.0,
                        0.0,
                        0.0,
                        0.0,
                        0.0,
                        0.0,
                        0.0,
                        0.0,
                        0.0,
                        0.0,
                        0.0,
                        0.0,
                        0.0,
                        0.0,
                        0.0,
                        0.0,
                        0.0,
                        0.0,
                        0.0,
                        0.0,
                        0.0,
                        0.0,
                        0.0,
                        0.0,
                        0.0,
                        0.0,
                        0.0,
                        0.0,
                        0.0
                    ],
                    [
                        0.0,
                        0.0,
                        0.0,
                        0.0,
                        0.0,
                        0.0,
                        0.0,
                        0.0,
                        0.0,
                        0.0,
                        0.0,
                        0.0,
                        0.0,
                        0.0,
                        0.0,
                        0.0,
                        0.0,
                        0.0,
                        0.0,
                        0.0,
                        0.0,
                        0.0,
                        0.0,
                        0.0,
                        0.0,
                        0.0,
                        0.0,
                        0.0,
                        0.0,
                        0.0,
                        0.0,
                        0.0
                    ]
                ],
                "dtype": "float64",
                "shape": [
                    4,
                    32
                ]
            },
            "local_x": {
                "__ndarray__": [
                    [
                        -0.7275910396039265,
                        0.7275910396039265,
                        -0.24253034653464212,
                        0.24253034653464214,
                        -7.636746172830832e-07,
                        7.636746172830832e-07,
                        -2.545582057610277e-07,
                        2.545582057610277e-07,
                        0.0,
                        0.0,
                        0.0,
                        0.0,
                        0.0,
                        0.0,
                        0.0,
                        0.0,
                        -0.02218276106610776,
                        -0.00022543565534831832,
                        0.02218276106610776,
                        0.00022543565534831832,
                        -0.0073942536887025845,
                        -7.514521844943943e-05,
                        0.007394253688702585,
                        7.514521844943943e-05,
                        0.0,
                        0.0,
                        0.0,
                        0.0,
                        0.0,
                        0.0,
                        0.0,
                        0.0
                    ],
                    [
                        -0.24253034653464206,
                        0.24253034653464206,
                        -0.7275910396039266,
                        0.7275910396039266,
                        -2.5455820576102763e-07,
                        2.5455820576102763e-07,
                        -7.636746172830833e-07,
                        7.636746172830833e-07,
                        0.0,
                        0.0,
                        0.0,
                        0.0,
                        0.0,
                        0.0,
                        0.0,
                        0.0,
                        -0.007394253688702583,
                        -7.514521844943942e-05,
                        0.007394253688702583,
                        7.514521844943942e-05,
                        -0.02218276106610776,
                        -0.00022543565534831838,
                        0.02218276106610776,
                        0.00022543565534831838,
                        0.0,
                        0.0,
                        0.0,
                        0.0,
                        0.0,
                        0.0,
                        0.0,
                        0.0
                    ],
                    [
                        -2.539247230322905e-06,
                        2.539247230322961e-06,
                        -8.464157434409683e-07,
                        8.464157434409873e-07,
                        -0.7167192706097865,
                        0.7167192706097862,
                        -0.2389064235365955,
                        0.23890642353659547,
                        0.0,
                        0.0,
                        0.0,
                        0.0,
                        0.0,
                        0.0,
                        0.0,
                        0.0,
                        -0.0004996979949957914,
                        -0.032778492147987365,
                        0.0004996979949957988,
                        0.0327784921479876,
                        -0.00016656599833193047,
                        -0.010926164049329121,
                        0.00016656599833193294,
                        0.0109261640493292,
                        0.0,
                        0.0,
                        0.0,
                        0.0,
                        0.0,
                        0.0,
                        0.0,
                        0.0
                    ],
                    [
                        -8.464157434409683e-07,
                        8.464157434409683e-07,
                        -2.539247230322905e-06,
                        2.539247230322905e-06,
                        -0.2389064235365955,
                        0.2389064235365955,
                        -0.7167192706097865,
                        0.7167192706097865,
                        0.0,
                        0.0,
                        0.0,
                        0.0,
                        0.0,
                        0.0,
                        0.0,
                        0.0,
                        -0.00016656599833193047,
                        -0.010926164049329121,
                        0.00016656599833193047,
                        0.010926164049329121,
                        -0.0004996979949957914,
                        -0.032778492147987365,
                        0.0004996979949957914,
                        0.032778492147987365,
                        0.0,
                        0.0,
                        0.0,
                        0.0,
                        0.0,
                        0.0,
                        0.0,
                        0.0
                    ]
                ],
                "dtype": "float64",
                "shape": [
                    4,
                    32
                ]
            },
            "twist": {
                "__ndarray__": [
                    [
                        0.0,
                        0.0,
                        0.0
                    ],
                    [
                        0.0,
                        0.0,
                        0.0
                    ],
                    [
                        4.319868030996932e-20,
                        1.3552527156068805e-18,
                        -1.734723475976807e-18
                    ],
                    [
                        0.0,
                        0.0,
                        0.0
                    ]
                ],
                "dtype": "float64",
                "shape": [
                    4,
                    3
                ]
            }
        },
        "DVCon1_thickness_constraints_2": {
            "local": {
                "__ndarray__": [
                    [
                        0.0,
                        0.0,
                        0.0,
                        0.0,
                        0.0,
                        0.0,
                        0.0,
                        0.0,
                        0.0,
                        0.0,
                        0.0,
                        0.0,
                        0.0,
                        0.0,
                        0.0,
                        0.0,
                        0.0,
                        0.0,
                        0.0,
                        0.0,
                        0.0,
                        0.0,
                        0.0,
                        0.0,
                        0.0,
                        0.0,
                        0.0,
                        0.0,
                        0.0,
                        0.0,
                        0.0,
                        0.0
                    ],
                    [
                        0.0,
                        0.0,
                        0.0,
                        0.0,
                        0.0,
                        0.0,
                        0.0,
                        0.0,
                        0.0,
                        0.0,
                        0.0,
                        0.0,
                        0.0,
                        0.0,
                        0.0,
                        0.0,
                        0.0,
                        0.0,
                        0.0,
                        0.0,
                        0.0,
                        0.0,
                        0.0,
                        0.0,
                        0.0,
                        0.0,
                        0.0,
                        0.0,
                        0.0,
                        0.0,
                        0.0,
                        0.0
                    ],
                    [
                        0.0,
                        0.0,
                        0.0,
                        0.0,
                        0.0,
                        0.0,
                        0.0,
                        0.0,
                        0.0,
                        0.0,
                        0.0,
                        0.0,
                        0.0,
                        0.0,
                        0.0,
                        0.0,
                        0.0,
                        0.0,
                        0.0,
                        0.0,
                        0.0,
                        0.0,
                        0.0,
                        0.0,
                        0.0,
                        0.0,
                        0.0,
                        0.0,
                        0.0,
                        0.0,
                        0.0,
                        0.0
                    ],
                    [
                        0.0,
                        0.0,
                        0.0,
                        0.0,
                        0.0,
                        0.0,
                        0.0,
                        0.0,
                        0.0,
                        0.0,
                        0.0,
                        0.0,
                        0.0,
                        0.0,
                        0.0,
                        0.0,
                        0.0,
                        0.0,
                        0.0,
                        0.0,
                        0.0,
                        0.0,
                        0.0,
                        0.0,
                        0.0,
                        0.0,
                        0.0,
                        0.0,
                        0.0,
                        0.0,
                        0.0,
                        0.0
                    ]
                ],
                "dtype": "float64",
                "shape": [
                    4,
                    32
                ]
            },
            "local_x": {
                "__ndarray__": [
                    [
                        0.0,
                        0.0,
                        0.0,
                        0.0,
                        0.0,
                        0.0,
                        0.0,
                        0.0,
                        0.0,
                        0.0,
                        0.0,
                        0.0,
                        0.0,
                        0.0,
                        0.0,
                        0.0,
                        0.0,
                        0.0,
                        0.0,
                        0.0,
                        0.0,
                        0.0,
                        0.0,
                        0.0,
                        0.0,
                        0.0,
                        0.0,
                        0.0,
                        0.0,
                        0.0,
                        0.0,
                        0.0
                    ],
                    [
                        0.0,
                        0.0,
                        0.0,
                        0.0,
                        0.0,
                        0.0,
                        0.0,
                        0.0,
                        0.0,
                        0.0,
                        0.0,
                        0.0,
                        0.0,
                        0.0,
                        0.0,
                        0.0,
                        0.0,
                        0.0,
                        0.0,
                        0.0,
                        0.0,
                        0.0,
                        0.0,
                        0.0,
                        0.0,
                        0.0,
                        0.0,
                        0.0,
                        0.0,
                        0.0,
                        0.0,
                        0.0
                    ],
                    [
                        0.0,
                        0.0,
                        0.0,
                        0.0,
                        0.0,
                        0.0,
                        0.0,
                        0.0,
                        0.0,
                        0.0,
                        0.0,
                        0.0,
                        0.0,
                        0.0,
                        0.0,
                        0.0,
                        0.0,
                        0.0,
                        0.0,
                        0.0,
                        0.0,
                        0.0,
                        0.0,
                        0.0,
                        0.0,
                        0.0,
                        0.0,
                        0.0,
                        0.0,
                        0.0,
                        0.0,
                        0.0
                    ],
                    [
                        0.0,
                        0.0,
                        0.0,
                        0.0,
                        0.0,
                        0.0,
                        0.0,
                        0.0,
                        0.0,
                        0.0,
                        0.0,
                        0.0,
                        0.0,
                        0.0,
                        0.0,
                        0.0,
                        0.0,
                        0.0,
                        0.0,
                        0.0,
                        0.0,
                        0.0,
                        0.0,
                        0.0,
                        0.0,
                        0.0,
                        0.0,
                        0.0,
                        0.0,
                        0.0,
                        0.0,
                        0.0
                    ]
                ],
                "dtype": "float64",
                "shape": [
                    4,
                    32
                ]
            },
            "twist": {
                "__ndarray__": [
                    [
                        0.0,
                        0.0,
                        0.0
                    ],
                    [
                        0.0,
                        0.0,
                        0.0
                    ],
                    [
                        0.0,
                        0.0,
                        0.0
                    ],
                    [
                        0.0,
                        0.0,
                        0.0
                    ]
                ],
                "dtype": "float64",
                "shape": [
                    4,
                    3
                ]
            }
        }
    },
    "funcs_base": {
        "DVCon1_thickness_constraints_0": {
            "__ndarray__": [
                0.9999999999999999,
                0.9999999999999999,
                1.0,
                1.0
            ],
            "dtype": "float64",
            "shape": [
                4
            ]
        },
        "DVCon1_thickness_constraints_1": {
            "__ndarray__": [
                1.9999999999999993,
                1.9999999999999996,
                2.0,
                1.9999999999999998
            ],
            "dtype": "float64",
            "shape": [
                4
            ]
        },
        "DVCon1_thickness_constraints_2": {
            "__ndarray__": [
                7.999999999999945,
                7.999999999999947,
                7.999999999999943,
                7.999999999999941
            ],
            "dtype": "float64",
            "shape": [
                4
            ]
        }
    }
}