 
 {
    "funcs1": {
        "DVCon1_leradius_constraints_0": {
            "__ndarray__": [
                9.9999629148502811e-01,
                9.9999576095803500e-01,
                9.9999982212586958e-01,
                9.9999933197111812e-01,
                1.0000049447559047e+00
            ],
            "dtype": "float64",
            "shape": [
                5
            ]
        }
    },
    "funcs2": {
        "DVCon1_leradius_constraints_0": {
            "__ndarray__": [
                4.9999814574251406e-01,
                4.9999788047901750e-01,
                4.9999991106293479e-01,
                4.9999966598555906e-01,
                5.0000247237795237e-01
            ],
            "dtype": "float64",
            "shape": [
                5
            ]
        }
    },
    "funcsSens": {
        "DVCon1_leradius_constraints_0": {
            "scale_circle": {
                "__ndarray__": [
                    9.9999629148502822e-01,
                    9.9999576095803455e-01,
                    9.9999982212586969e-01,
                    9.9999933197111823e-01,
                    1.0000049447559050e+00
                ],
                "dtype": "float64",
                "shape": [
                    5, 1
                ]
            }
        }
    }
}



