{
    "RefAxis_nodes_coord": {
        "__ndarray__": [
            [
                -0.4,
                -0.09999999999999998,
                0.0
            ],
            [
                -0.4,
                -0.09999999999999998,
                3.32194917
            ],
            [
                -0.4,
                -0.09999999999999998,
                5.78384945
            ],
            [
                -0.4,
                -0.09999999999999998,
                8.0
            ]
        ],
        "dtype": "float64",
        "shape": [
            4,
            3
        ]
    }
}
