{
    "derivs_base": {
        "DVCon1_trisurf_constraint_0_KS": {
            "local": {
                "__ndarray__": [
                    [
                        -6.177123907509924e-05,
                        -0.0018457972080314815,
                        -1.5390339271089758e-05,
                        -0.0005532726646478657,
                        -0.001026040772513481,
                        -0.036635727337071,
                        -0.0002864063928481507,
                        -0.011710026607293532,
                        -0.00012081593369072028,
                        -0.00032029554889670886,
                        -0.00046527842548804363,
                        -0.0011875255670639783,
                        -0.004557302948575465,
                        -0.012610046706208375,
                        -0.014824626222426498,
                        -0.04015713369882424,
                        -0.00014580620608323864,
                        -0.00048251976995566763,
                        -0.0028595505904748493,
                        -0.009881056799779072,
                        -0.0005456573698546664,
                        -0.0016950032954921473,
                        -0.009677179521793495,
                        -0.031951770403070734,
                        -0.0011667250130628975,
                        -0.003924331889255199,
                        -0.0031477107273922113,
                        -0.01074060547871061,
                        -0.004204667637475026,
                        -0.01335277273135573,
                        -0.010969777598552027,
                        -0.035554439653195435
                    ]
                ],
                "dtype": "float64",
                "shape": [
                    1,
                    32
                ]
            },
            "twist": {
                "__ndarray__": [
                    [
                        -0.008122240601044117,
                        -0.02692057221263067,
                        -0.030947117274879293
                    ]
                ],
                "dtype": "float64",
                "shape": [
                    1,
                    3
                ]
            }
        },
        "DVCon1_trisurf_constraint_0_perim": {
            "local": {
                "__ndarray__": [
                    [
                        0.0,
                        0.0,
                        0.0,
                        0.0,
                        0.0,
                        0.0,
                        0.0,
                        0.0,
                        0.0,
                        0.0,
                        0.0,
                        0.0,
                        0.0,
                        0.0,
                        0.0,
                        0.0,
                        0.0,
                        0.0,
                        0.0,
                        0.0,
                        0.0,
                        0.0,
                        0.0,
                        0.0,
                        0.0,
                        0.0,
                        0.0,
                        0.0,
                        0.0,
                        0.0,
                        0.0,
                        0.0
                    ]
                ],
                "dtype": "float64",
                "shape": [
                    1,
                    32
                ]
            },
            "twist": {
                "__ndarray__": [
                    [
                        0.0,
                        0.0,
                        0.0
                    ]
                ],
                "dtype": "float64",
                "shape": [
                    1,
                    3
                ]
            }
        },
        "DVCon1_trisurf_constraint_1_KS": {
            "local": {
                "__ndarray__": [
                    [
                        -0.00015116076264508948,
                        -0.004860838833760451,
                        -0.00010765963879025514,
                        -0.0035424223090441648,
                        -0.0029541222400727065,
                        -0.10548022247847372,
                        -0.002117482728490881,
                        -0.07720036789330112,
                        -0.0008688805273329666,
                        -0.002345373921399026,
                        -0.0012173867760408796,
                        -0.003279087363882908,
                        -0.029617183955008883,
                        -0.08273073170118338,
                        -0.04057902171554117,
                        -0.11318920942021721,
                        -0.0009838660496348536,
                        -0.003159112154776532,
                        -0.020121821659382894,
                        -0.06691022964800034,
                        -0.0013698420655412372,
                        -0.0043639269672547335,
                        -0.027844521377324828,
                        -0.0919367784798043,
                        -0.008045654216712394,
                        -0.02614803794198784,
                        -0.022002884440262667,
                        -0.07234856869661849,
                        -0.011178781402659307,
                        -0.03605377163828319,
                        -0.03050871295268161,
                        -0.0995792777840656
                    ]
                ],
                "dtype": "float64",
                "shape": [
                    1,
                    32
                ]
            },
            "twist": {
                "__ndarray__": [
                    [
                        -0.03071551393995424,
                        -0.10127227029908287,
                        -0.11605884064090201
                    ]
                ],
                "dtype": "float64",
                "shape": [
                    1,
                    3
                ]
            }
        },
        "DVCon1_trisurf_constraint_1_perim": {
            "local": {
                "__ndarray__": [
                    [
                        0.0,
                        0.0,
                        0.0,
                        0.0,
                        0.0,
                        0.0,
                        0.0,
                        0.0,
                        0.0,
                        0.0,
                        0.0,
                        0.0,
                        0.0,
                        0.0,
                        0.0,
                        0.0,
                        0.0,
                        0.0,
                        0.0,
                        0.0,
                        0.0,
                        0.0,
                        0.0,
                        0.0,
                        0.0,
                        0.0,
                        0.0,
                        0.0,
                        0.0,
                        0.0,
                        0.0,
                        0.0
                    ]
                ],
                "dtype": "float64",
                "shape": [
                    1,
                    32
                ]
            },
            "twist": {
                "__ndarray__": [
                    [
                        0.0,
                        0.0,
                        0.0
                    ]
                ],
                "dtype": "float64",
                "shape": [
                    1,
                    3
                ]
            }
        }
    },
    "derivs_deformed": {
        "DVCon1_trisurf_constraint_0_KS": {
            "local": {
                "__ndarray__": [
                    [
                        -0.000137314161434585,
                        -0.0040734716938346524,
                        -0.0002008108360558388,
                        -0.0057015602708582035,
                        -0.0018564000970299243,
                        -0.0676695171204243,
                        -0.0026459005345268825,
                        -0.09296221736233998,
                        -0.0013980905626618527,
                        -0.0033021695176961947,
                        -0.0009641315646104682,
                        -0.002296970708993408,
                        -0.04278271497458522,
                        -0.10853511730689072,
                        -0.030777818899084507,
                        -0.07856795118196563,
                        -0.0017411602605425969,
                        -0.0053137448944302525,
                        -0.024761372512556484,
                        -0.08130930689748868,
                        -0.0012084292293506713,
                        -0.003744182051285137,
                        -0.017622435709645595,
                        -0.058596491892880014,
                        -0.012437277084236252,
                        -0.038950262567409175,
                        -0.03013944586752148,
                        -0.09673729561580333,
                        -0.008706842410842805,
                        -0.027667397007759973,
                        -0.021278160296364014,
                        -0.06923479095515284
                    ]
                ],
                "dtype": "float64",
                "shape": [
                    1,
                    32
                ]
            },
            "twist": {
                "__ndarray__": [
                    [
                        -0.028208327435793473,
                        -0.09365599619817089,
                        -0.10753344024883613
                    ]
                ],
                "dtype": "float64",
                "shape": [
                    1,
                    3
                ]
            }
        },
        "DVCon1_trisurf_constraint_0_perim": {
            "local": {
                "__ndarray__": [
                    [
                        0.0,
                        0.0,
                        0.0,
                        0.0,
                        0.0,
                        0.0,
                        0.0,
                        0.0,
                        0.0,
                        0.0,
                        0.0,
                        0.0,
                        0.0,
                        0.0,
                        0.0,
                        0.0,
                        0.0,
                        0.0,
                        0.0,
                        0.0,
                        0.0,
                        0.0,
                        0.0,
                        0.0,
                        0.0,
                        0.0,
                        0.0,
                        0.0,
                        0.0,
                        0.0,
                        0.0,
                        0.0
                    ]
                ],
                "dtype": "float64",
                "shape": [
                    1,
                    32
                ]
            },
            "twist": {
                "__ndarray__": [
                    [
                        0.0,
                        0.0,
                        0.0
                    ]
                ],
                "dtype": "float64",
                "shape": [
                    1,
                    3
                ]
            }
        },
        "DVCon1_trisurf_constraint_1_KS": {
            "local": {
                "__ndarray__": [
                    [
                        -0.00014048895692133007,
                        -0.004225485625979582,
                        -0.00020670884182109677,
                        -0.005949763314092541,
                        -0.0019030326296561712,
                        -0.06934474593623345,
                        -0.002745477285911584,
                        -0.0962660727673245,
                        -0.0014537990878004201,
                        -0.0034425810171211414,
                        -0.0009944163357076625,
                        -0.002370366547417401,
                        -0.04479650677105512,
                        -0.11333153123129644,
                        -0.031981469215768464,
                        -0.08129453992248886,
                        -0.0018005235956223289,
                        -0.005520898246357972,
                        -0.025673037467790816,
                        -0.08424489083261888,
                        -0.001242258549390509,
                        -0.003867336641584905,
                        -0.018062328658764632,
                        -0.06005195859983313,
                        -0.012964266236511663,
                        -0.04069759679202033,
                        -0.03143915826183267,
                        -0.1009643696959664,
                        -0.009004410900545686,
                        -0.028686162866219646,
                        -0.021979840943888936,
                        -0.07158300993317518
                    ]
                ],
                "dtype": "float64",
                "shape": [
                    1,
                    32
                ]
            },
            "twist": {
                "__ndarray__": [
                    [
                        -0.02918998174179545,
                        -0.09696188591608301,
                        -0.11132650640486251
                    ]
                ],
                "dtype": "float64",
                "shape": [
                    1,
                    3
                ]
            }
        },
        "DVCon1_trisurf_constraint_1_perim": {
            "local": {
                "__ndarray__": [
                    [
                        0.0,
                        0.0,
                        0.0,
                        0.0,
                        0.0,
                        0.0,
                        0.0,
                        0.0,
                        0.0,
                        0.0,
                        0.0,
                        0.0,
                        0.0,
                        0.0,
                        0.0,
                        0.0,
                        0.0,
                        0.0,
                        0.0,
                        0.0,
                        0.0,
                        0.0,
                        0.0,
                        0.0,
                        0.0,
                        0.0,
                        0.0,
                        0.0,
                        0.0,
                        0.0,
                        0.0,
                        0.0
                    ]
                ],
                "dtype": "float64",
                "shape": [
                    1,
                    32
                ]
            },
            "twist": {
                "__ndarray__": [
                    [
                        0.0,
                        0.0,
                        0.0
                    ]
                ],
                "dtype": "float64",
                "shape": [
                    1,
                    3
                ]
            }
        }
    },
    "derivs_twisted": {
        "DVCon1_trisurf_constraint_0_KS": {
            "local": {
                "__ndarray__": [
                    [
                        -0.00013748127080853028,
                        -0.004077456285436307,
                        -0.0002010761469745699,
                        -0.005707686879064005,
                        -0.001855966625215489,
                        -0.06764476453859697,
                        -0.0026456100086364345,
                        -0.0929375861482138,
                        -0.0013992609979710906,
                        -0.0033033547904783482,
                        -0.0009648292343937912,
                        -0.0022975194790366793,
                        -0.04280891503399616,
                        -0.10855308781101938,
                        -0.030793616160292,
                        -0.07857306575773894,
                        -0.0017433170465850074,
                        -0.00531987438316203,
                        -0.024757178598350176,
                        -0.08129123390582778,
                        -0.0012098005057326535,
                        -0.0037481222881281303,
                        -0.01761740490713887,
                        -0.05857713233694474,
                        -0.012446706748041974,
                        -0.03897677676892325,
                        -0.030148119150745924,
                        -0.09675871644903916,
                        -0.008712481351229609,
                        -0.027683314744060016,
                        -0.02128184777268872,
                        -0.0692426750240859
                    ]
                ],
                "dtype": "float64",
                "shape": [
                    1,
                    32
                ]
            },
            "twist": {
                "__ndarray__": [
                    [
                        -0.028206768462708406,
                        -0.09365169489629213,
                        -0.10753047038580756
                    ]
                ],
                "dtype": "float64",
                "shape": [
                    1,
                    3
                ]
            }
        },
        "DVCon1_trisurf_constraint_0_perim": {
            "local": {
                "__ndarray__": [
                    [
                        0.0,
                        0.0,
                        0.0,
                        0.0,
                        0.0,
                        0.0,
                        0.0,
                        0.0,
                        0.0,
                        0.0,
                        0.0,
                        0.0,
                        0.0,
                        0.0,
                        0.0,
                        0.0,
                        0.0,
                        0.0,
                        0.0,
                        0.0,
                        0.0,
                        0.0,
                        0.0,
                        0.0,
                        0.0,
                        0.0,
                        0.0,
                        0.0,
                        0.0,
                        0.0,
                        0.0,
                        0.0
                    ]
                ],
                "dtype": "float64",
                "shape": [
                    1,
                    32
                ]
            },
            "twist": {
                "__ndarray__": [
                    [
                        0.0,
                        0.0,
                        0.0
                    ]
                ],
                "dtype": "float64",
                "shape": [
                    1,
                    3
                ]
            }
        },
        "DVCon1_trisurf_constraint_1_KS": {
            "local": {
                "__ndarray__": [
                    [
                        -0.00014058794184322872,
                        -0.004226046624247673,
                        -0.00020686537105930137,
                        -0.005950827822921381,
                        -0.0019038805193551916,
                        -0.06934152056488993,
                        -0.002746854278219208,
                        -0.09626479594601114,
                        -0.001454779804670772,
                        -0.0034446080066125755,
                        -0.0009950325979155277,
                        -0.0023716294588816476,
                        -0.044801354830261424,
                        -0.11333652601392358,
                        -0.031983587237599635,
                        -0.08129506372926497,
                        -0.0018015360514406647,
                        -0.005522900254449008,
                        -0.025680858630682712,
                        -0.08425576485134374,
                        -0.0012428873580176635,
                        -0.0038685316370270354,
                        -0.01806689577764263,
                        -0.06005710994121568,
                        -0.012970423870367372,
                        -0.0407089868451672,
                        -0.03145137253229505,
                        -0.10098472926586244,
                        -0.009008185531613718,
                        -0.02869273231227496,
                        -0.021987187018489413,
                        -0.07159405617752747
                    ]
                ],
                "dtype": "float64",
                "shape": [
                    1,
                    32
                ]
            },
            "twist": {
                "__ndarray__": [
                    [
                        -0.029200526018652688,
                        -0.09697003474307792,
                        -0.1113089259474382
                    ]
                ],
                "dtype": "float64",
                "shape": [
                    1,
                    3
                ]
            }
        },
        "DVCon1_trisurf_constraint_1_perim": {
            "local": {
                "__ndarray__": [
                    [
                        0.0,
                        0.0,
                        0.0,
                        0.0,
                        0.0,
                        0.0,
                        0.0,
                        0.0,
                        0.0,
                        0.0,
                        0.0,
                        0.0,
                        0.0,
                        0.0,
                        0.0,
                        0.0,
                        0.0,
                        0.0,
                        0.0,
                        0.0,
                        0.0,
                        0.0,
                        0.0,
                        0.0,
                        0.0,
                        0.0,
                        0.0,
                        0.0,
                        0.0,
                        0.0,
                        0.0,
                        0.0
                    ]
                ],
                "dtype": "float64",
                "shape": [
                    1,
                    32
                ]
            },
            "twist": {
                "__ndarray__": [
                    [
                        0.0,
                        0.0,
                        0.0
                    ]
                ],
                "dtype": "float64",
                "shape": [
                    1,
                    3
                ]
            }
        }
    },
    "funcs_base": {
        "DVCon1_trisurf_constraint_0_KS": 0.34660627481696404,
        "DVCon1_trisurf_constraint_0_perim": 0.0,
        "DVCon1_trisurf_constraint_1_KS": -0.1678234463115632,
        "DVCon1_trisurf_constraint_1_perim": 0.0
    },
    "funcs_deformed": {
        "DVCon1_trisurf_constraint_0_KS": -0.30366666098340706,
        "DVCon1_trisurf_constraint_0_perim": 0.0,
        "DVCon1_trisurf_constraint_1_KS": -0.7918997183464282,
        "DVCon1_trisurf_constraint_1_perim": 0.0
    },
    "funcs_twisted": {
        "DVCon1_trisurf_constraint_0_KS": -0.3106213820179836,
        "DVCon1_trisurf_constraint_0_perim": 0.0,
        "DVCon1_trisurf_constraint_1_KS": -0.7991066494241126,
        "DVCon1_trisurf_constraint_1_perim": 0.0
    }
}