{
    "dIdx": {
        "xdir": {
            "__ndarray__": [
                [
                    0.012665337945159116,
                    0.012665337945159116,
                    0.00044357328901512005,
                    0.00044357328901512005,
                    0.0,
                    0.0,
                    0.0,
                    0.0,
                    0.03239339803671637,
                    0.03314028384900691,
                    0.016952195202670772,
                    0.0043357643449715155,
                    0.03239339803671637,
                    0.03314028384900691,
                    0.016952195202670772,
                    0.0043357643449715155,
                    0.0,
                    0.0,
                    0.0,
                    0.0,
                    0.0,
                    0.0,
                    0.0,
                    0.0,
                    0.03510729161892545,
                    0.013910693068419633,
                    0.0015982987138718485,
                    8.72211533975431e-05,
                    1.8564860226888413e-06,
                    0.0,
                    0.0012295492531810837,
                    0.0004871888854074413,
                    5.597660484468747e-05,
                    3.0547131135705285e-06,
                    6.50189990736294e-08,
                    0.0,
                    0.03510729161892545,
                    0.013910693068419633,
                    0.0015982987138718485,
                    8.72211533975431e-05,
                    1.8564860226888413e-06,
                    0.0,
                    0.0012295492531810837,
                    0.0004871888854074413,
                    5.597660484468747e-05,
                    3.0547131135705285e-06,
                    6.50189990736294e-08,
                    0.0,
                    0.08979187735277172,
                    0.03557857038503087,
                    0.0040878756369711056,
                    0.00022308046981667218,
                    4.748226301032332e-06,
                    0.0,
                    0.09186218436957994,
                    0.03639889585418832,
                    0.004182128679279806,
                    0.00022822397583777132,
                    4.857704869465351e-06,
                    0.0,
                    0.04699011294750033,
                    0.018619067672847045,
                    0.0021392774442396956,
                    0.00011674303714404033,
                    2.484853824924471e-06,
                    0.0,
                    0.012018387816334908,
                    0.004762090619379045,
                    0.0005471505463372495,
                    2.9858687442541054e-05,
                    6.355366100052606e-07,
                    0.0,
                    0.08979187735277172,
                    0.03557857038503087,
                    0.0040878756369711056,
                    0.00022308046981667218,
                    4.748226301032332e-06,
                    0.0,
                    0.0918621843695755,
                    0.03639889585418832,
                    0.004182128679279806,
                    0.00022822397583777132,
                    4.857704865024459e-06,
                    0.0,
                    0.04699011294750033,
                    0.018619067672842604,
                    0.0021392774442352547,
                    0.00011674303714404033,
                    2.484853824924471e-06,
                    0.0,
                    0.012018387816339349,
                    0.0047620906193834855,
                    0.0005471505463372495,
                    2.9858687442541054e-05,
                    6.355366100052606e-07,
                    0.0
                ],
                [
                    0.0,
                    0.0,
                    0.0,
                    0.0,
                    0.0,
                    0.0,
                    0.0,
                    0.0,
                    0.0,
                    0.0,
                    0.0,
                    0.0,
                    0.0,
                    0.0,
                    0.0,
                    0.0,
                    0.0,
                    0.0,
                    0.0,
                    0.0,
                    0.0,
                    0.0,
                    0.0,
                    0.0,
                    0.0,
                    0.0,
                    0.0,
                    0.0,
                    0.0,
                    0.0,
                    0.0,
                    0.0,
                    0.0,
                    0.0,
                    0.0,
                    0.0,
                    0.0,
                    0.0,
                    0.0,
                    0.0,
                    0.0,
                    0.0,
                    0.0,
                    0.0,
                    0.0,
                    0.0,
                    0.0,
                    0.0,
                    0.0,
                    0.0,
                    0.0,
                    0.0,
                    0.0,
                    0.0,
                    0.0,
                    0.0,
                    0.0,
                    0.0,
                    0.0,
                    0.0,
                    0.0,
                    0.0,
                    0.0,
                    0.0,
                    0.0,
                    0.0,
                    0.0,
                    0.0,
                    0.0,
                    0.0,
                    0.0,
                    0.0,
                    0.0,
                    0.0,
                    0.0,
                    0.0,
                    0.0,
                    0.0,
                    0.0,
                    0.0,
                    0.0,
                    0.0,
                    0.0,
                    0.0,
                    0.0,
                    0.0,
                    0.0,
                    0.0,
                    0.0,
                    0.0,
                    0.0,
                    0.0,
                    0.0,
                    0.0,
                    0.0,
                    0.0
                ],
                [
                    0.0,
                    0.0,
                    0.0,
                    0.0,
                    0.0,
                    0.0,
                    0.0,
                    0.0,
                    0.0,
                    0.0,
                    0.0,
                    0.0,
                    0.0,
                    0.0,
                    0.0,
                    0.0,
                    0.0,
                    0.0,
                    0.0,
                    0.0,
                    0.0,
                    0.0,
                    0.0,
                    0.0,
                    0.0,
                    0.0,
                    0.0,
                    0.0,
                    0.0,
                    0.0,
                    0.0,
                    0.0,
                    0.0,
                    0.0,
                    0.0,
                    0.0,
                    0.0,
                    0.0,
                    0.0,
                    0.0,
                    0.0,
                    0.0,
                    0.0,
                    0.0,
                    0.0,
                    0.0,
                    0.0,
                    0.0,
                    0.0,
                    0.0,
                    0.0,
                    0.0,
                    0.0,
                    0.0,
                    0.0,
                    0.0,
                    0.0,
                    0.0,
                    0.0,
                    0.0,
                    0.0,
                    0.0,
                    0.0,
                    0.0,
                    0.0,
                    0.0,
                    0.0,
                    0.0,
                    0.0,
                    0.0,
                    0.0,
                    0.0,
                    0.0,
                    0.0,
                    0.0,
                    0.0,
                    0.0,
                    0.0,
                    0.0,
                    0.0,
                    0.0,
                    0.0,
                    0.0,
                    0.0,
                    0.0,
                    0.0,
                    0.0,
                    0.0,
                    0.0,
                    0.0,
                    0.0,
                    0.0,
                    0.0,
                    0.0,
                    0.0,
                    0.0
                ],
                [
                    0.0,
                    0.0,
                    0.0,
                    0.0,
                    0.0,
                    0.0,
                    0.0,
                    0.0,
                    0.0,
                    0.0,
                    0.0,
                    0.0,
                    0.0,
                    0.0,
                    0.0,
                    0.0,
                    0.0,
                    0.0,
                    0.0,
                    0.0,
                    0.0,
                    0.0,
                    0.0,
                    0.0,
                    4.028398947752976e-08,
                    0.0006007814892772245,
                    0.003473043588266833,
                    0.007192630877703721,
                    0.005827402205360599,
                    0.000551000404991342,
                    3.1493314622821345e-08,
                    0.0004696803392345572,
                    0.0027151640319189596,
                    0.0056230715675376075,
                    0.004555759945246152,
                    0.00043076236827310765,
                    4.028398947752976e-08,
                    0.0006007814892772245,
                    0.003473043588266833,
                    0.007192630877703721,
                    0.005827402205360599,
                    0.000551000404991342,
                    3.1493314622821345e-08,
                    0.000469680339243439,
                    0.002715164031910078,
                    0.0056230715675376075,
                    0.004555759945246152,
                    0.00043076236827310765,
                    1.9174307475111618e-07,
                    0.0028595896403604826,
                    0.01653093452897103,
                    0.034235363625185755,
                    0.02773717112456886,
                    0.002622642471603598,
                    3.6506217604426183e-07,
                    0.0054444106931672565,
                    0.031473465789408905,
                    0.06518116347003833,
                    0.05280916846861494,
                    0.004993283831780104,
                    3.4752337008114864e-07,
                    0.005182842911715113,
                    0.029961374750513414,
                    0.062049641385764076,
                    0.05027203859079066,
                    0.004753389700411503,
                    1.6541358505151038e-07,
                    0.0024669208626448835,
                    0.01426096482266992,
                    0.029534284071743855,
                    0.023928400478174794,
                    0.002262510444550614,
                    1.9174307475111618e-07,
                    0.0028595896403604826,
                    0.01653093452897103,
                    0.034235363625185755,
                    0.02773717112456886,
                    0.002622642471603598,
                    3.6506218492604603e-07,
                    0.0054444106931672565,
                    0.031473465789408905,
                    0.06518116347004721,
                    0.052809168468623824,
                    0.004993283831788986,
                    3.4752337008114864e-07,
                    0.005182842911715113,
                    0.029961374750504532,
                    0.06204964138577296,
                    0.05027203859079954,
                    0.004753389700411503,
                    1.6541358505151038e-07,
                    0.0024669208626360017,
                    0.01426096482266992,
                    0.029534284071752737,
                    0.023928400478183676,
                    0.002262510444541732
                ],
                [
                    0.0,
                    0.0,
                    0.0,
                    0.0,
                    0.0,
                    0.0,
                    0.0,
                    0.0,
                    0.0,
                    0.0,
                    0.0,
                    0.0,
                    0.0,
                    0.0,
                    0.0,
                    0.0,
                    0.0,
                    0.0,
                    0.0,
                    0.0,
                    0.0,
                    0.0,
                    0.0,
                    0.0,
                    0.0,
                    0.0,
                    0.0,
                    0.0,
                    0.0,
                    0.0,
                    0.0,
                    0.0,
                    0.0,
                    0.0,
                    0.0,
                    0.0,
                    0.0,
                    0.0,
                    0.0,
                    0.0,
                    0.0,
                    0.0,
                    0.0,
                    0.0,
                    0.0,
                    0.0,
                    0.0,
                    0.0,
                    0.0,
                    0.0,
                    0.0,
                    0.0,
                    0.0,
                    0.0,
                    0.0,
                    0.0,
                    0.0,
                    0.0,
                    0.0,
                    0.0,
                    0.0,
                    0.0,
                    0.0,
                    0.0,
                    0.0,
                    0.0,
                    0.0,
                    0.0,
                    0.0,
                    0.0,
                    0.0,
                    0.0,
                    0.0,
                    0.0,
                    0.0,
                    0.0,
                    0.0,
                    0.0,
                    0.0,
                    0.0,
                    0.0,
                    0.0,
                    0.0,
                    0.0,
                    0.0,
                    0.0,
                    0.0,
                    0.0,
                    0.0,
                    0.0,
                    0.0,
                    0.0,
                    0.0,
                    0.0,
                    0.0,
                    0.0
                ],
                [
                    0.0,
                    0.0,
                    0.0,
                    0.0,
                    0.0,
                    0.0,
                    0.0,
                    0.0,
                    0.0,
                    0.0,
                    0.0,
                    0.0,
                    0.0,
                    0.0,
                    0.0,
                    0.0,
                    0.0,
                    0.0,
                    0.0,
                    0.0,
                    0.0,
                    0.0,
                    0.0,
                    0.0,
                    0.0,
                    0.0,
                    0.0,
                    0.0,
                    0.0,
                    0.0,
                    0.0,
                    0.0,
                    0.0,
                    0.0,
                    0.0,
                    0.0,
                    0.0,
                    0.0,
                    0.0,
                    0.0,
                    0.0,
                    0.0,
                    0.0,
                    0.0,
                    0.0,
                    0.0,
                    0.0,
                    0.0,
                    0.0,
                    0.0,
                    0.0,
                    0.0,
                    0.0,
                    0.0,
                    0.0,
                    0.0,
                    0.0,
                    0.0,
                    0.0,
                    0.0,
                    0.0,
                    0.0,
                    0.0,
                    0.0,
                    0.0,
                    0.0,
                    0.0,
                    0.0,
                    0.0,
                    0.0,
                    0.0,
                    0.0,
                    0.0,
                    0.0,
                    0.0,
                    0.0,
                    0.0,
                    0.0,
                    0.0,
                    0.0,
                    0.0,
                    0.0,
                    0.0,
                    0.0,
                    0.0,
                    0.0,
                    0.0,
                    0.0,
                    0.0,
                    0.0,
                    0.0,
                    0.0,
                    0.0,
                    0.0,
                    0.0,
                    0.0
                ]
            ],
            "dtype": "float64",
            "shape": [
                6,
                96
            ]
        },
        "ydir": {
            "__ndarray__": [
                [
                    0.0,
                    0.0,
                    0.0,
                    0.0,
                    0.0,
                    0.0,
                    0.0,
                    0.0,
                    0.0,
                    0.0,
                    0.0,
                    0.0,
                    0.0,
                    0.0,
                    0.0,
                    0.0,
                    0.0,
                    0.0,
                    0.0,
                    0.0,
                    0.0,
                    0.0,
                    0.0,
                    0.0,
                    0.0,
                    0.0,
                    0.0,
                    0.0,
                    0.0,
                    0.0,
                    0.0,
                    0.0,
                    0.0,
                    0.0,
                    0.0,
                    0.0,
                    0.0,
                    0.0,
                    0.0,
                    0.0,
                    0.0,
                    0.0,
                    0.0,
                    0.0,
                    0.0,
                    0.0,
                    0.0,
                    0.0,
                    0.0,
                    0.0,
                    0.0,
                    0.0,
                    0.0,
                    0.0,
                    0.0,
                    0.0,
                    0.0,
                    0.0,
                    0.0,
                    0.0,
                    0.0,
                    0.0,
                    0.0,
                    0.0,
                    0.0,
                    0.0,
                    0.0,
                    0.0,
                    0.0,
                    0.0,
                    0.0,
                    0.0,
                    0.0,
                    0.0,
                    0.0,
                    0.0,
                    0.0,
                    0.0,
                    0.0,
                    0.0,
                    0.0,
                    0.0,
                    0.0,
                    0.0,
                    0.0,
                    0.0,
                    0.0,
                    0.0,
                    0.0,
                    0.0,
                    0.0,
                    0.0,
                    0.0,
                    0.0,
                    0.0,
                    0.0
                ],
                [
                    0.012665337945156757,
                    0.01266533794515648,
                    0.00044357328901371926,
                    0.00044357328901371276,
                    0.0,
                    0.0,
                    0.0,
                    0.0,
                    0.03239339803671709,
                    0.033140283849005414,
                    0.01695219520267348,
                    0.004335764344972087,
                    0.032393398036716536,
                    0.03314028384900486,
                    0.01695219520267313,
                    0.004335764344972009,
                    0.0,
                    0.0,
                    0.0,
                    0.0,
                    0.0,
                    0.0,
                    0.0,
                    0.0,
                    0.035107291618924646,
                    0.013910693068420188,
                    0.0015982987138705976,
                    8.722115339573897e-05,
                    1.8564860237990633e-06,
                    0.0,
                    0.0012295492531824066,
                    0.0004871888854082371,
                    5.597660484133729e-05,
                    3.0547131115539112e-06,
                    6.501900029877783e-08,
                    0.0,
                    0.03510729161892409,
                    0.01391069306842005,
                    0.0015982987138705976,
                    8.722115339573897e-05,
                    1.8564860237990633e-06,
                    0.0,
                    0.001229549253182387,
                    0.00048718888540822796,
                    5.5976604841336135e-05,
                    3.0547131115549124e-06,
                    6.501900029707029e-08,
                    0.0,
                    0.08979187735277251,
                    0.035578570385029096,
                    0.004087875636969162,
                    0.00022308046981514557,
                    4.748226299366996e-06,
                    0.0,
                    0.09186218436957615,
                    0.03639889585418681,
                    0.00418212867927703,
                    0.00022822397583791004,
                    4.857704868216348e-06,
                    0.0,
                    0.04699011294750161,
                    0.018619067672845935,
                    0.0021392774442374036,
                    0.00011674303714362397,
                    2.4848538273530828e-06,
                    0.0,
                    0.012018387816337683,
                    0.004762090619379876,
                    0.0005471505463354454,
                    2.9858687439574677e-05,
                    6.355366074031754e-07,
                    0.0,
                    0.08979187735277099,
                    0.03557857038502854,
                    0.004087875636969023,
                    0.0002230804698150068,
                    4.748226299366996e-06,
                    0.0,
                    0.09186218436957448,
                    0.03639889585418619,
                    0.0041821286792769604,
                    0.00022822397583791004,
                    4.857704868146959e-06,
                    0.0,
                    0.04699011294750079,
                    0.018619067672845623,
                    0.0021392774442373862,
                    0.00011674303714362397,
                    2.4848538273530828e-06,
                    0.0,
                    0.01201838781633747,
                    0.004762090619379795,
                    0.0005471505463354193,
                    2.9858687439559498e-05,
                    6.35536607401007e-07,
                    0.0
                ],
                [
                    0.0,
                    0.0,
                    0.0,
                    0.0,
                    0.0,
                    0.0,
                    0.0,
                    0.0,
                    0.0,
                    0.0,
                    0.0,
                    0.0,
                    0.0,
                    0.0,
                    0.0,
                    0.0,
                    0.0,
                    0.0,
                    0.0,
                    0.0,
                    0.0,
                    0.0,
                    0.0,
                    0.0,
                    0.0,
                    0.0,
                    0.0,
                    0.0,
                    0.0,
                    0.0,
                    0.0,
                    0.0,
                    0.0,
                    0.0,
                    0.0,
                    0.0,
                    0.0,
                    0.0,
                    0.0,
                    0.0,
                    0.0,
                    0.0,
                    0.0,
                    0.0,
                    0.0,
                    0.0,
                    0.0,
                    0.0,
                    0.0,
                    0.0,
                    0.0,
                    0.0,
                    0.0,
                    0.0,
                    0.0,
                    0.0,
                    0.0,
                    0.0,
                    0.0,
                    0.0,
                    0.0,
                    0.0,
                    0.0,
                    0.0,
                    0.0,
                    0.0,
                    0.0,
                    0.0,
                    0.0,
                    0.0,
                    0.0,
                    0.0,
                    0.0,
                    0.0,
                    0.0,
                    0.0,
                    0.0,
                    0.0,
                    0.0,
                    0.0,
                    0.0,
                    0.0,
                    0.0,
                    0.0,
                    0.0,
                    0.0,
                    0.0,
                    0.0,
                    0.0,
                    0.0,
                    0.0,
                    0.0,
                    0.0,
                    0.0,
                    0.0,
                    0.0
                ],
                [
                    0.0,
                    0.0,
                    0.0,
                    0.0,
                    0.0,
                    0.0,
                    0.0,
                    0.0,
                    0.0,
                    0.0,
                    0.0,
                    0.0,
                    0.0,
                    0.0,
                    0.0,
                    0.0,
                    0.0,
                    0.0,
                    0.0,
                    0.0,
                    0.0,
                    0.0,
                    0.0,
                    0.0,
                    0.0,
                    0.0,
                    0.0,
                    0.0,
                    0.0,
                    0.0,
                    0.0,
                    0.0,
                    0.0,
                    0.0,
                    0.0,
                    0.0,
                    0.0,
                    0.0,
                    0.0,
                    0.0,
                    0.0,
                    0.0,
                    0.0,
                    0.0,
                    0.0,
                    0.0,
                    0.0,
                    0.0,
                    0.0,
                    0.0,
                    0.0,
                    0.0,
                    0.0,
                    0.0,
                    0.0,
                    0.0,
                    0.0,
                    0.0,
                    0.0,
                    0.0,
                    0.0,
                    0.0,
                    0.0,
                    0.0,
                    0.0,
                    0.0,
                    0.0,
                    0.0,
                    0.0,
                    0.0,
                    0.0,
                    0.0,
                    0.0,
                    0.0,
                    0.0,
                    0.0,
                    0.0,
                    0.0,
                    0.0,
                    0.0,
                    0.0,
                    0.0,
                    0.0,
                    0.0,
                    0.0,
                    0.0,
                    0.0,
                    0.0,
                    0.0,
                    0.0,
                    0.0,
                    0.0,
                    0.0,
                    0.0,
                    0.0,
                    0.0
                ],
                [
                    0.0,
                    0.0,
                    0.0,
                    0.0,
                    0.0,
                    0.0,
                    0.0,
                    0.0,
                    0.0,
                    0.0,
                    0.0,
                    0.0,
                    0.0,
                    0.0,
                    0.0,
                    0.0,
                    0.0,
                    0.0,
                    0.0,
                    0.0,
                    0.0,
                    0.0,
                    0.0,
                    0.0,
                    4.02839923918652e-08,
                    0.000600781489280694,
                    0.003473043588266061,
                    0.007192630877706432,
                    0.0058274022053624,
                    0.0005510004049887052,
                    3.149331254982679e-08,
                    0.00046968033924112314,
                    0.00271516403191634,
                    0.005623071567538046,
                    0.004555759945244199,
                    0.00043076236827294286,
                    4.02839923918652e-08,
                    0.0006007814892807634,
                    0.0034730435882664775,
                    0.007192630877707265,
                    0.005827402205363024,
                    0.0005510004049887746,
                    3.1493312541153173e-08,
                    0.00046968033924118385,
                    0.002715164031916648,
                    0.005623071567538685,
                    0.004555759945244719,
                    0.00043076236827299224,
                    1.9174307024083515e-07,
                    0.002859589640357282,
                    0.016530934528968602,
                    0.034235363625184,
                    0.02773717112456586,
                    0.002622642471599634,
                    3.650621779871521e-07,
                    0.005444410693165444,
                    0.031473465789408815,
                    0.06518116347003804,
                    0.0528091684686182,
                    0.004993283831781761,
                    3.4752336439125564e-07,
                    0.005182842911710594,
                    0.029961374750508123,
                    0.06204964138576434,
                    0.05027203859078738,
                    0.004753389700412673,
                    1.654135872025675e-07,
                    0.0024669208626371033,
                    0.014260964822667664,
                    0.029534284071745433,
                    0.023928400478180727,
                    0.0022625104445471358,
                    1.9174307031022408e-07,
                    0.002859589640357629,
                    0.016530934528970545,
                    0.034235363625187955,
                    0.02773717112456905,
                    0.0026226424715999116,
                    3.650621779871521e-07,
                    0.005444410693166068,
                    0.03147346578941249,
                    0.06518116347004553,
                    0.05280916846862431,
                    0.004993283831782316,
                    3.4752336439125564e-07,
                    0.005182842911711149,
                    0.029961374750511593,
                    0.06204964138577152,
                    0.05027203859079321,
                    0.004753389700413194,
                    1.6541358723726196e-07,
                    0.002466920862637381,
                    0.014260964822669295,
                    0.029534284071748868,
                    0.023928400478183485,
                    0.0022625104445474133
                ],
                [
                    0.0,
                    0.0,
                    0.0,
                    0.0,
                    0.0,
                    0.0,
                    0.0,
                    0.0,
                    0.0,
                    0.0,
                    0.0,
                    0.0,
                    0.0,
                    0.0,
                    0.0,
                    0.0,
                    0.0,
                    0.0,
                    0.0,
                    0.0,
                    0.0,
                    0.0,
                    0.0,
                    0.0,
                    0.0,
                    0.0,
                    0.0,
                    0.0,
                    0.0,
                    0.0,
                    0.0,
                    0.0,
                    0.0,
                    0.0,
                    0.0,
                    0.0,
                    0.0,
                    0.0,
                    0.0,
                    0.0,
                    0.0,
                    0.0,
                    0.0,
                    0.0,
                    0.0,
                    0.0,
                    0.0,
                    0.0,
                    0.0,
                    0.0,
                    0.0,
                    0.0,
                    0.0,
                    0.0,
                    0.0,
                    0.0,
                    0.0,
                    0.0,
                    0.0,
                    0.0,
                    0.0,
                    0.0,
                    0.0,
                    0.0,
                    0.0,
                    0.0,
                    0.0,
                    0.0,
                    0.0,
                    0.0,
                    0.0,
                    0.0,
                    0.0,
                    0.0,
                    0.0,
                    0.0,
                    0.0,
                    0.0,
                    0.0,
                    0.0,
                    0.0,
                    0.0,
                    0.0,
                    0.0,
                    0.0,
                    0.0,
                    0.0,
                    0.0,
                    0.0,
                    0.0,
                    0.0,
                    0.0,
                    0.0,
                    0.0,
                    0.0,
                    0.0
                ]
            ],
            "dtype": "float64",
            "shape": [
                6,
                96
            ]
        },
        "zdir": {
            "__ndarray__": [
                [
                    0.0,
                    0.0,
                    0.0,
                    0.0,
                    0.0,
                    0.0,
                    0.0,
                    0.0,
                    0.0,
                    0.0,
                    0.0,
                    0.0,
                    0.0,
                    0.0,
                    0.0,
                    0.0,
                    0.0,
                    0.0,
                    0.0,
                    0.0,
                    0.0,
                    0.0,
                    0.0,
                    0.0,
                    0.0,
                    0.0,
                    0.0,
                    0.0,
                    0.0,
                    0.0,
                    0.0,
                    0.0,
                    0.0,
                    0.0,
                    0.0,
                    0.0,
                    0.0,
                    0.0,
                    0.0,
                    0.0,
                    0.0,
                    0.0,
                    0.0,
                    0.0,
                    0.0,
                    0.0,
                    0.0,
                    0.0,
                    0.0,
                    0.0,
                    0.0,
                    0.0,
                    0.0,
                    0.0,
                    0.0,
                    0.0,
                    0.0,
                    0.0,
                    0.0,
                    0.0,
                    0.0,
                    0.0,
                    0.0,
                    0.0,
                    0.0,
                    0.0,
                    0.0,
                    0.0,
                    0.0,
                    0.0,
                    0.0,
                    0.0,
                    0.0,
                    0.0,
                    0.0,
                    0.0,
                    0.0,
                    0.0,
                    0.0,
                    0.0,
                    0.0,
                    0.0,
                    0.0,
                    0.0,
                    0.0,
                    0.0,
                    0.0,
                    0.0,
                    0.0,
                    0.0,
                    0.0,
                    0.0,
                    0.0,
                    0.0,
                    0.0,
                    0.0
                ],
                [
                    0.0,
                    0.0,
                    0.0,
                    0.0,
                    0.0,
                    0.0,
                    0.0,
                    0.0,
                    0.0,
                    0.0,
                    0.0,
                    0.0,
                    0.0,
                    0.0,
                    0.0,
                    0.0,
                    0.0,
                    0.0,
                    0.0,
                    0.0,
                    0.0,
                    0.0,
                    0.0,
                    0.0,
                    0.0,
                    0.0,
                    0.0,
                    0.0,
                    0.0,
                    0.0,
                    0.0,
                    0.0,
                    0.0,
                    0.0,
                    0.0,
                    0.0,
                    0.0,
                    0.0,
                    0.0,
                    0.0,
                    0.0,
                    0.0,
                    0.0,
                    0.0,
                    0.0,
                    0.0,
                    0.0,
                    0.0,
                    0.0,
                    0.0,
                    0.0,
                    0.0,
                    0.0,
                    0.0,
                    0.0,
                    0.0,
                    0.0,
                    0.0,
                    0.0,
                    0.0,
                    0.0,
                    0.0,
                    0.0,
                    0.0,
                    0.0,
                    0.0,
                    0.0,
                    0.0,
                    0.0,
                    0.0,
                    0.0,
                    0.0,
                    0.0,
                    0.0,
                    0.0,
                    0.0,
                    0.0,
                    0.0,
                    0.0,
                    0.0,
                    0.0,
                    0.0,
                    0.0,
                    0.0,
                    0.0,
                    0.0,
                    0.0,
                    0.0,
                    0.0,
                    0.0,
                    0.0,
                    0.0,
                    0.0,
                    0.0,
                    0.0,
                    0.0
                ],
                [
                    0.012665337945159116,
                    0.012665337945159116,
                    0.00044357328901512005,
                    0.00044357328901512005,
                    0.0,
                    0.0,
                    0.0,
                    0.0,
                    0.03239339803672081,
                    0.03314028384900691,
                    0.016952195202670772,
                    0.0043357643449715155,
                    0.03239339803671637,
                    0.03314028384900691,
                    0.016952195202670772,
                    0.0043357643449715155,
                    0.0,
                    0.0,
                    0.0,
                    0.0,
                    0.0,
                    0.0,
                    0.0,
                    0.0,
                    0.03510729161892545,
                    0.013910693068424074,
                    0.0015982987138718485,
                    8.72211533975431e-05,
                    1.8564860271297334e-06,
                    0.0,
                    0.0012295492531810837,
                    0.0004871888854074413,
                    5.597660484024658e-05,
                    3.0547131135705285e-06,
                    6.50189990736294e-08,
                    0.0,
                    0.03510729161892545,
                    0.013910693068424074,
                    0.0015982987138718485,
                    8.72211533975431e-05,
                    1.8564860271297334e-06,
                    0.0,
                    0.0012295492531855245,
                    0.0004871888854074413,
                    5.597660484024658e-05,
                    3.0547131135705285e-06,
                    6.50189990736294e-08,
                    0.0,
                    0.08979187735277616,
                    0.03557857038503087,
                    0.0040878756369711056,
                    0.00022308046981667218,
                    4.748226301032332e-06,
                    0.0,
                    0.09186218436957994,
                    0.03639889585418832,
                    0.004182128679279806,
                    0.00022822397583777132,
                    4.857704869465351e-06,
                    0.0,
                    0.04699011294750033,
                    0.018619067672847045,
                    0.0021392774442352547,
                    0.00011674303714404033,
                    2.4848538293653633e-06,
                    0.0,
                    0.012018387816339349,
                    0.0047620906193834855,
                    0.0005471505463328086,
                    2.9858687438100162e-05,
                    6.355366100052606e-07,
                    0.0,
                    0.08979187735277172,
                    0.03557857038503087,
                    0.0040878756369711056,
                    0.00022308046981667218,
                    4.748226301032332e-06,
                    0.0,
                    0.0918621843695755,
                    0.03639889585418832,
                    0.004182128679279806,
                    0.00022822397583777132,
                    4.857704865024459e-06,
                    0.0,
                    0.04699011294750477,
                    0.018619067672847045,
                    0.0021392774442396956,
                    0.00011674303714404033,
                    2.4848538293653633e-06,
                    0.0,
                    0.012018387816334908,
                    0.0047620906193834855,
                    0.0005471505463372495,
                    2.9858687438100162e-05,
                    6.355366100052606e-07,
                    0.0
                ],
                [
                    0.0,
                    0.0,
                    0.0,
                    0.0,
                    0.0,
                    0.0,
                    0.0,
                    0.0,
                    0.0,
                    0.0,
                    0.0,
                    0.0,
                    0.0,
                    0.0,
                    0.0,
                    0.0,
                    0.0,
                    0.0,
                    0.0,
                    0.0,
                    0.0,
                    0.0,
                    0.0,
                    0.0,
                    0.0,
                    0.0,
                    0.0,
                    0.0,
                    0.0,
                    0.0,
                    0.0,
                    0.0,
                    0.0,
                    0.0,
                    0.0,
                    0.0,
                    0.0,
                    0.0,
                    0.0,
                    0.0,
                    0.0,
                    0.0,
                    0.0,
                    0.0,
                    0.0,
                    0.0,
                    0.0,
                    0.0,
                    0.0,
                    0.0,
                    0.0,
                    0.0,
                    0.0,
                    0.0,
                    0.0,
                    0.0,
                    0.0,
                    0.0,
                    0.0,
                    0.0,
                    0.0,
                    0.0,
                    0.0,
                    0.0,
                    0.0,
                    0.0,
                    0.0,
                    0.0,
                    0.0,
                    0.0,
                    0.0,
                    0.0,
                    0.0,
                    0.0,
                    0.0,
                    0.0,
                    0.0,
                    0.0,
                    0.0,
                    0.0,
                    0.0,
                    0.0,
                    0.0,
                    0.0,
                    0.0,
                    0.0,
                    0.0,
                    0.0,
                    0.0,
                    0.0,
                    0.0,
                    0.0,
                    0.0,
                    0.0,
                    0.0,
                    0.0
                ],
                [
                    0.0,
                    0.0,
                    0.0,
                    0.0,
                    0.0,
                    0.0,
                    0.0,
                    0.0,
                    0.0,
                    0.0,
                    0.0,
                    0.0,
                    0.0,
                    0.0,
                    0.0,
                    0.0,
                    0.0,
                    0.0,
                    0.0,
                    0.0,
                    0.0,
                    0.0,
                    0.0,
                    0.0,
                    0.0,
                    0.0,
                    0.0,
                    0.0,
                    0.0,
                    0.0,
                    0.0,
                    0.0,
                    0.0,
                    0.0,
                    0.0,
                    0.0,
                    0.0,
                    0.0,
                    0.0,
                    0.0,
                    0.0,
                    0.0,
                    0.0,
                    0.0,
                    0.0,
                    0.0,
                    0.0,
                    0.0,
                    0.0,
                    0.0,
                    0.0,
                    0.0,
                    0.0,
                    0.0,
                    0.0,
                    0.0,
                    0.0,
                    0.0,
                    0.0,
                    0.0,
                    0.0,
                    0.0,
                    0.0,
                    0.0,
                    0.0,
                    0.0,
                    0.0,
                    0.0,
                    0.0,
                    0.0,
                    0.0,
                    0.0,
                    0.0,
                    0.0,
                    0.0,
                    0.0,
                    0.0,
                    0.0,
                    0.0,
                    0.0,
                    0.0,
                    0.0,
                    0.0,
                    0.0,
                    0.0,
                    0.0,
                    0.0,
                    0.0,
                    0.0,
                    0.0,
                    0.0,
                    0.0,
                    0.0,
                    0.0,
                    0.0,
                    0.0
                ],
                [
                    0.0,
                    0.0,
                    0.0,
                    0.0,
                    0.0,
                    0.0,
                    0.0,
                    0.0,
                    0.0,
                    0.0,
                    0.0,
                    0.0,
                    0.0,
                    0.0,
                    0.0,
                    0.0,
                    0.0,
                    0.0,
                    0.0,
                    0.0,
                    0.0,
                    0.0,
                    0.0,
                    0.0,
                    4.028398947752976e-08,
                    0.0006007814892861063,
                    0.003473043588275715,
                    0.007192630877703721,
                    0.005827402205369481,
                    0.0005510004050002237,
                    3.1493314622821345e-08,
                    0.000469680339243439,
                    0.0027151640319189596,
                    0.0056230715675376075,
                    0.0045557599452550335,
                    0.00043076236828198944,
                    4.028398947752976e-08,
                    0.0006007814892861063,
                    0.003473043588275715,
                    0.007192630877703721,
                    0.005827402205369481,
                    0.0005510004050002237,
                    3.1493314622821345e-08,
                    0.000469680339243439,
                    0.0027151640319189596,
                    0.0056230715675376075,
                    0.00455575994523727,
                    0.00043076236826422587,
                    1.9174306586933199e-07,
                    0.0028595896403693644,
                    0.016530934528979913,
                    0.034235363625185755,
                    0.027737171124577742,
                    0.002622642471603598,
                    3.6506218492604603e-07,
                    0.005444410693176138,
                    0.03147346578941779,
                    0.06518116347004721,
                    0.052809168468623824,
                    0.004993283831780104,
                    3.4752336119936444e-07,
                    0.005182842911715113,
                    0.029961374750513414,
                    0.06204964138577296,
                    0.05027203859079066,
                    0.004753389700411503,
                    1.6541360281507878e-07,
                    0.0024669208626448835,
                    0.014260964822678801,
                    0.029534284071743855,
                    0.023928400478183676,
                    0.002262510444541732,
                    1.9174306586933199e-07,
                    0.002859589640351601,
                    0.016530934528979913,
                    0.034235363625185755,
                    0.027737171124577742,
                    0.002622642471603598,
                    3.6506218492604603e-07,
                    0.005444410693176138,
                    0.03147346578941779,
                    0.06518116347004721,
                    0.052809168468623824,
                    0.004993283831780104,
                    3.4752336119936444e-07,
                    0.005182842911715113,
                    0.029961374750513414,
                    0.06204964138577296,
                    0.05027203859080842,
                    0.004753389700411503,
                    1.6541358505151038e-07,
                    0.00246692086262712,
                    0.014260964822678801,
                    0.029534284071743855,
                    0.023928400478183676,
                    0.002262510444541732
                ]
            ],
            "dtype": "float64",
            "shape": [
                6,
                96
            ]
        }
    }
}