{
    "derivs_base": {
        "DVCon1_thickness_constraints_0": {
            "local": {
                "__ndarray__": [
                    [
                        -0.12126517326732109,
                        -0.12126517326732109,
                        0.12126517326732109,
                        0.12126517326732109,
                        -1.2727910288051387e-07,
                        -1.2727910288051387e-07,
                        1.2727910288051387e-07,
                        1.2727910288051387e-07,
                        -0.36379551980196323,
                        -0.36379551980196323,
                        0.36379551980196323,
                        0.36379551980196323,
                        -3.818373086415416e-07,
                        -3.818373086415416e-07,
                        3.818373086415416e-07,
                        3.818373086415416e-07,
                        -0.003697126844351293,
                        -3.757260922471972e-05,
                        -0.003697126844351293,
                        -3.757260922471972e-05,
                        0.003697126844351293,
                        3.757260922471972e-05,
                        0.003697126844351293,
                        3.757260922471972e-05,
                        -0.01109138053305388,
                        -0.00011271782767415916,
                        -0.01109138053305388,
                        -0.00011271782767415916,
                        0.01109138053305388,
                        0.00011271782767415916,
                        0.01109138053305388,
                        0.00011271782767415916
                    ],
                    [
                        -0.04782240771574519,
                        -0.04782240771574519,
                        0.04782240771574519,
                        0.04782240771574519,
                        -0.002572740594303016,
                        -0.002572740594303016,
                        0.0025727405943030144,
                        0.0025727405943030144,
                        -0.1434672231472356,
                        -0.1434672231472356,
                        0.14346722314723556,
                        0.14346722314723556,
                        -0.007718221782909047,
                        -0.007718221782909047,
                        0.007718221782909042,
                        0.007718221782909042,
                        -0.05415944595801656,
                        -0.020445405731935203,
                        -0.05415944595801656,
                        -0.020445405731935203,
                        0.054159445958016555,
                        0.020445405731935196,
                        0.054159445958016555,
                        0.020445405731935196,
                        -0.1624783378740497,
                        -0.061336217195805606,
                        -0.1624783378740497,
                        -0.061336217195805606,
                        0.16247833787404967,
                        0.06133621719580558,
                        0.16247833787404967,
                        0.06133621719580558
                    ],
                    [
                        -0.009543132789533537,
                        -0.009543132789533537,
                        0.009543132789533537,
                        0.009543132789533537,
                        -0.023860205922432542,
                        -0.023860205922432542,
                        0.023860205922432542,
                        0.023860205922432542,
                        -0.02862939836860061,
                        -0.02862939836860061,
                        0.02862939836860061,
                        0.02862939836860061,
                        -0.07158061776729763,
                        -0.07158061776729763,
                        0.07158061776729763,
                        0.07158061776729763,
                        -0.03885736037695713,
                        -0.052739300911076786,
                        -0.03885736037695713,
                        -0.052739300911076786,
                        0.03885736037695713,
                        0.052739300911076786,
                        0.03885736037695713,
                        0.052739300911076786,
                        -0.11657208113087139,
                        -0.15821790273323036,
                        -0.11657208113087139,
                        -0.15821790273323036,
                        0.11657208113087139,
                        0.15821790273323036,
                        0.11657208113087139,
                        0.15821790273323036
                    ]
                ],
                "dtype": "float64",
                "shape": [
                    3,
                    32
                ]
            },
            "twist": {
                "__ndarray__": [
                    [
                        0.0,
                        0.0,
                        0.0
                    ],
                    [
                        4.263391198863489e-20,
                        1.6094470929834804e-20,
                        2.0252422107886704e-21
                    ],
                    [
                        0.0,
                        0.0,
                        0.0
                    ]
                ],
                "dtype": "float64",
                "shape": [
                    3,
                    3
                ]
            }
        },
        "DVCon1_thickness_constraints_1": {
            "local": {
                "__ndarray__": [
                    [
                        0.0,
                        0.0,
                        0.0,
                        0.0,
                        0.0,
                        0.0,
                        0.0,
                        0.0,
                        0.0,
                        0.0,
                        0.0,
                        0.0,
                        0.0,
                        0.0,
                        0.0,
                        0.0,
                        0.0,
                        0.0,
                        0.0,
                        0.0,
                        0.0,
                        0.0,
                        0.0,
                        0.0,
                        0.0,
                        0.0,
                        0.0,
                        0.0,
                        0.0,
                        0.0,
                        0.0,
                        0.0
                    ],
                    [
                        2.947283425038364e-34,
                        -2.947283425038364e-34,
                        2.947283425038364e-34,
                        -2.947283425038364e-34,
                        1.5855738079068134e-35,
                        -1.5855738079068134e-35,
                        1.5855738079068134e-35,
                        -1.5855738079068134e-35,
                        9.816424975749117e-50,
                        -9.816425755721047e-50,
                        9.816424975749117e-50,
                        -9.816425755721047e-50,
                        5.281021226734405e-51,
                        -5.281021646342188e-51,
                        5.281021226734405e-51,
                        -5.281021646342188e-51,
                        3.3378335597429234e-34,
                        1.260045411976974e-34,
                        -3.3378335597429234e-34,
                        -1.260045411976974e-34,
                        3.3378335597429234e-34,
                        1.260045411976974e-34,
                        -3.3378335597429234e-34,
                        -1.260045411976974e-34,
                        1.1117218127851927e-49,
                        4.1967939518907484e-50,
                        -1.1117219011179424e-49,
                        -4.1967942853503825e-50,
                        1.1117218127851927e-49,
                        4.1967939518907484e-50,
                        -1.1117219011179424e-49,
                        -4.1967942853503825e-50
                    ],
                    [
                        0.0,
                        0.0,
                        0.0,
                        0.0,
                        0.0,
                        0.0,
                        0.0,
                        0.0,
                        0.0,
                        0.0,
                        0.0,
                        0.0,
                        0.0,
                        0.0,
                        0.0,
                        0.0,
                        0.0,
                        0.0,
                        0.0,
                        0.0,
                        0.0,
                        0.0,
                        0.0,
                        0.0,
                        0.0,
                        0.0,
                        0.0,
                        0.0,
                        0.0,
                        0.0,
                        0.0,
                        0.0
                    ]
                ],
                "dtype": "float64",
                "shape": [
                    3,
                    32
                ]
            },
            "twist": {
                "__ndarray__": [
                    [
                        0.0,
                        0.0,
                        0.0
                    ],
                    [
                        -4.969155992759984e-35,
                        -3.0554699872492776e-35,
                        -3.8046529254179366e-36
                    ],
                    [
                        0.0,
                        0.0,
                        0.0
                    ]
                ],
                "dtype": "float64",
                "shape": [
                    3,
                    3
                ]
            }
        },
        "DVCon1_thickness_constraints_2": {
            "local": {
                "__ndarray__": [
                    [
                        0.0,
                        0.0,
                        0.0,
                        0.0,
                        0.0,
                        0.0,
                        0.0,
                        0.0,
                        0.0,
                        0.0,
                        0.0,
                        0.0,
                        0.0,
                        0.0,
                        0.0,
                        0.0,
                        0.0,
                        0.0,
                        0.0,
                        0.0,
                        0.0,
                        0.0,
                        0.0,
                        0.0,
                        0.0,
                        0.0,
                        0.0,
                        0.0,
                        0.0,
                        0.0,
                        0.0,
                        0.0
                    ],
                    [
                        0.0,
                        0.0,
                        0.0,
                        0.0,
                        0.0,
                        0.0,
                        0.0,
                        0.0,
                        0.0,
                        0.0,
                        0.0,
                        0.0,
                        0.0,
                        0.0,
                        0.0,
                        0.0,
                        0.0,
                        0.0,
                        0.0,
                        0.0,
                        0.0,
                        0.0,
                        0.0,
                        0.0,
                        0.0,
                        0.0,
                        0.0,
                        0.0,
                        0.0,
                        0.0,
                        0.0,
                        0.0
                    ],
                    [
                        0.0,
                        0.0,
                        0.0,
                        0.0,
                        0.0,
                        0.0,
                        0.0,
                        0.0,
                        0.0,
                        0.0,
                        0.0,
                        0.0,
                        0.0,
                        0.0,
                        0.0,
                        0.0,
                        0.0,
                        0.0,
                        0.0,
                        0.0,
                        0.0,
                        0.0,
                        0.0,
                        0.0,
                        0.0,
                        0.0,
                        0.0,
                        0.0,
                        0.0,
                        0.0,
                        0.0,
                        0.0
                    ]
                ],
                "dtype": "float64",
                "shape": [
                    3,
                    32
                ]
            },
            "twist": {
                "__ndarray__": [
                    [
                        -1.5192908393215783e-63,
                        0.0,
                        0.0
                    ],
                    [
                        3.038581678643157e-64,
                        0.0,
                        -1.5046327690525387e-36
                    ],
                    [
                        0.0,
                        0.0,
                        0.0
                    ]
                ],
                "dtype": "float64",
                "shape": [
                    3,
                    3
                ]
            }
        }
    },
    "funcs_base": {
        "DVCon1_thickness_constraints_0": {
            "__ndarray__": [
                1.0,
                0.9999999999999998,
                0.9999999999999999
            ],
            "dtype": "float64",
            "shape": [
                3
            ]
        },
        "DVCon1_thickness_constraints_1": {
            "__ndarray__": [
                1.9999999999999996,
                1.9999999999999996,
                2.0
            ],
            "dtype": "float64",
            "shape": [
                3
            ]
        },
        "DVCon1_thickness_constraints_2": {
            "__ndarray__": [
                7.999999999999945,
                7.999999999999944,
                7.999999999999943
            ],
            "dtype": "float64",
            "shape": [
                3
            ]
        }
    }
}
