{
    "dIdx": {
        "mainAxis": {
            "__ndarray__": [
                0.0,
                0.5141811677711328,
                0.5141811677766839
            ],
            "dtype": "float64",
            "shape": [
                3, 1
            ]
        },
        "x_axis": {
            "__ndarray__": [
            0.04531743762470341,
            0.04511238028692687,
            0.04511238028692687,
            0.2058176405750345,
            0.04490825081804316,
            0.2048863342207774,
            0.2048863342207774,
            0.2039592419372793,
            0.0,
            0.0,
            0.0,
            0.0,
            0.0,
            0.0,
            0.0,
            0.0,
            0.0,
            0.0,
            0.0,
            0.0,
            0.0,
            0.0,
            0.0,
            0.0
            ],
            "dtype": "float64",
            "shape": [
                3, 8
            ]
        },
        "y_axis": {
            "__ndarray__": [
            0.0,
            0.0,
            0.0,
            0.0,
            0.0,
            0.0,
            0.0,
            0.0,
            0.0,
            0.0,
            0.0,
            0.0,
            0.0,
            0.0,
            0.0,
            0.0,
            0.0,
            0.0,
            0.0,
            0.0,
            0.0,
            0.0,
            0.0,
            0.0
            ],
            "dtype": "float64",
            "shape": [
                3, 8
            ]
        },
        "z_axis": {
            "__ndarray__": [
            0.0,
            0.0,
            0.0,
            0.0,
            0.0,
            0.0,
            0.0,
            0.0,
            0.03204426746172828,
            0.03189927002544835,
            0.03189927002544835,
            0.1455350493562158,
            0.03175492868656704,
            0.1448765163059029,
            0.1448765163059029,
            0.1442209630608815,
            0.03204426746172828,
            0.03189927002544835,
            0.03189927002544835,
            0.1455350493562158,
            0.03175492868656704,
            0.1448765163059029,
            0.1448765163059029,
            0.1442209630608815
            ],
            "dtype": "float64",
            "shape": [
                3, 8
            ]
        }
    }
}