{
    "derivs_base": {
        "DVCon1_thickness_constraints_0": {
            "local": {
                "__ndarray__": [
                    [
                        -0.12126517326732113,
                        -0.12126517326732113,
                        0.12126517326732113,
                        0.12126517326732113,
                        -1.272791028805132e-07,
                        -1.272791028805132e-07,
                        1.272791028805132e-07,
                        1.272791028805132e-07,
                        -0.3637955198019634,
                        -0.3637955198019634,
                        0.3637955198019634,
                        0.3637955198019634,
                        -3.818373086415396e-07,
                        -3.818373086415396e-07,
                        3.818373086415396e-07,
                        3.818373086415396e-07,
                        -0.003697126844351288,
                        -3.7572609224719594e-05,
                        -0.003697126844351288,
                        -3.7572609224719594e-05,
                        0.003697126844351288,
                        3.7572609224719594e-05,
                        0.003697126844351288,
                        3.7572609224719594e-05,
                        -0.011091380533053863,
                        -0.00011271782767415878,
                        -0.011091380533053863,
                        -0.00011271782767415878,
                        0.011091380533053863,
                        0.00011271782767415878,
                        0.011091380533053863,
                        0.00011271782767415878
                    ],
                    [
                        -0.04782240771574472,
                        -0.04782240771574472,
                        0.04782240771574472,
                        0.04782240771574472,
                        -0.0025727405943030833,
                        -0.0025727405943030833,
                        0.0025727405943030833,
                        0.0025727405943030833,
                        -0.14346722314723415,
                        -0.14346722314723415,
                        0.14346722314723415,
                        0.14346722314723415,
                        -0.00771822178290925,
                        -0.00771822178290925,
                        0.00771822178290925,
                        0.00771822178290925,
                        -0.05415944595801668,
                        -0.020445405731935495,
                        -0.05415944595801668,
                        -0.020445405731935495,
                        0.05415944595801668,
                        0.020445405731935495,
                        0.05415944595801668,
                        0.020445405731935495,
                        -0.16247833787405003,
                        -0.06133621719580648,
                        -0.16247833787405003,
                        -0.06133621719580648,
                        0.16247833787405003,
                        0.06133621719580648,
                        0.16247833787405003,
                        0.06133621719580648
                    ],
                    [
                        -0.00954313278953358,
                        -0.00954313278953358,
                        0.00954313278953358,
                        0.00954313278953358,
                        -0.02386020592243246,
                        -0.02386020592243246,
                        0.02386020592243246,
                        0.02386020592243246,
                        -0.02862939836860074,
                        -0.02862939836860074,
                        0.02862939836860074,
                        0.02862939836860074,
                        -0.07158061776729738,
                        -0.07158061776729738,
                        0.07158061776729738,
                        0.07158061776729738,
                        -0.03885736037695721,
                        -0.052739300911076745,
                        -0.03885736037695721,
                        -0.052739300911076745,
                        0.03885736037695721,
                        0.052739300911076745,
                        0.03885736037695721,
                        0.052739300911076745,
                        -0.11657208113087163,
                        -0.15821790273323022,
                        -0.11657208113087163,
                        -0.15821790273323022,
                        0.11657208113087163,
                        0.15821790273323022,
                        0.11657208113087163,
                        0.15821790273323022
                    ]
                ],
                "dtype": "float64",
                "shape": [
                    3,
                    32
                ]
            },
            "twist": {
                "__ndarray__": [
                    [
                        0.0,
                        0.0,
                        0.0
                    ],
                    [
                        0.0,
                        0.0,
                        0.0
                    ],
                    [
                        0.0,
                        0.0,
                        0.0
                    ]
                ],
                "dtype": "float64",
                "shape": [
                    3,
                    3
                ]
            }
        },
        "DVCon1_thickness_constraints_1": {
            "local": {
                "__ndarray__": [
                    [
                        0.0,
                        0.0,
                        0.0,
                        0.0,
                        0.0,
                        0.0,
                        0.0,
                        0.0,
                        0.0,
                        0.0,
                        0.0,
                        0.0,
                        0.0,
                        0.0,
                        0.0,
                        0.0,
                        0.0,
                        0.0,
                        0.0,
                        0.0,
                        0.0,
                        0.0,
                        0.0,
                        0.0,
                        0.0,
                        0.0,
                        0.0,
                        0.0,
                        0.0,
                        0.0,
                        0.0,
                        0.0
                    ],
                    [
                        0.0,
                        0.0,
                        0.0,
                        0.0,
                        0.0,
                        0.0,
                        0.0,
                        0.0,
                        0.0,
                        0.0,
                        0.0,
                        0.0,
                        0.0,
                        0.0,
                        0.0,
                        0.0,
                        0.0,
                        0.0,
                        0.0,
                        0.0,
                        0.0,
                        0.0,
                        0.0,
                        0.0,
                        0.0,
                        0.0,
                        0.0,
                        0.0,
                        0.0,
                        0.0,
                        0.0,
                        0.0
                    ],
                    [
                        0.0,
                        0.0,
                        0.0,
                        0.0,
                        0.0,
                        0.0,
                        0.0,
                        0.0,
                        0.0,
                        0.0,
                        0.0,
                        0.0,
                        0.0,
                        0.0,
                        0.0,
                        0.0,
                        0.0,
                        0.0,
                        0.0,
                        0.0,
                        0.0,
                        0.0,
                        0.0,
                        0.0,
                        0.0,
                        0.0,
                        0.0,
                        0.0,
                        0.0,
                        0.0,
                        0.0,
                        0.0
                    ]
                ],
                "dtype": "float64",
                "shape": [
                    3,
                    32
                ]
            },
            "twist": {
                "__ndarray__": [
                    [
                        0.0,
                        0.0,
                        0.0
                    ],
                    [
                        0.0,
                        0.0,
                        0.0
                    ],
                    [
                        0.0,
                        0.0,
                        0.0
                    ]
                ],
                "dtype": "float64",
                "shape": [
                    3,
                    3
                ]
            }
        },
        "DVCon1_thickness_constraints_2": {
            "local": {
                "__ndarray__": [
                    [
                        0.0,
                        0.0,
                        0.0,
                        0.0,
                        0.0,
                        0.0,
                        0.0,
                        0.0,
                        0.0,
                        0.0,
                        0.0,
                        0.0,
                        0.0,
                        0.0,
                        0.0,
                        0.0,
                        0.0,
                        0.0,
                        0.0,
                        0.0,
                        0.0,
                        0.0,
                        0.0,
                        0.0,
                        0.0,
                        0.0,
                        0.0,
                        0.0,
                        0.0,
                        0.0,
                        0.0,
                        0.0
                    ],
                    [
                        0.0,
                        0.0,
                        0.0,
                        0.0,
                        0.0,
                        0.0,
                        0.0,
                        0.0,
                        0.0,
                        0.0,
                        0.0,
                        0.0,
                        0.0,
                        0.0,
                        0.0,
                        0.0,
                        0.0,
                        0.0,
                        0.0,
                        0.0,
                        0.0,
                        0.0,
                        0.0,
                        0.0,
                        0.0,
                        0.0,
                        0.0,
                        0.0,
                        0.0,
                        0.0,
                        0.0,
                        0.0
                    ],
                    [
                        0.0,
                        0.0,
                        0.0,
                        0.0,
                        0.0,
                        0.0,
                        0.0,
                        0.0,
                        0.0,
                        0.0,
                        0.0,
                        0.0,
                        0.0,
                        0.0,
                        0.0,
                        0.0,
                        0.0,
                        0.0,
                        0.0,
                        0.0,
                        0.0,
                        0.0,
                        0.0,
                        0.0,
                        0.0,
                        0.0,
                        0.0,
                        0.0,
                        0.0,
                        0.0,
                        0.0,
                        0.0
                    ]
                ],
                "dtype": "float64",
                "shape": [
                    3,
                    32
                ]
            },
            "twist": {
                "__ndarray__": [
                    [
                        0.0,
                        0.0,
                        0.0
                    ],
                    [
                        0.0,
                        0.0,
                        0.0
                    ],
                    [
                        0.0,
                        0.0,
                        0.0
                    ]
                ],
                "dtype": "float64",
                "shape": [
                    3,
                    3
                ]
            }
        }
    },
    "funcs_base": {
        "DVCon1_thickness_constraints_0": {
            "__ndarray__": [
                1.0000000000000002,
                0.9999999999999998,
                0.9999999999999999
            ],
            "dtype": "float64",
            "shape": [
                3
            ]
        },
        "DVCon1_thickness_constraints_1": {
            "__ndarray__": [
                2.0000000000000004,
                1.9999999999999996,
                2.0
            ],
            "dtype": "float64",
            "shape": [
                3
            ]
        },
        "DVCon1_thickness_constraints_2": {
            "__ndarray__": [
                8.000000000000002,
                8.0,
                8.0
            ],
            "dtype": "float64",
            "shape": [
                3
            ]
        }
    }
}