{
    "funcs1": {
        "DVCon1_leradius_constraints_0": {
            "__ndarray__": [
                0.9999962914850278,
                0.999995760958035,
                0.9999998221258696,
                0.9999993319711176,
                1.000004944755905
            ],
            "dtype": "float64",
            "shape": [
                5
            ]
        }
    },
    "funcs2": {
        "DVCon1_leradius_constraints_0": {
            "__ndarray__": [
                1.0274767606779722,
                1.0389909669351234,
                1.0523915707811478,
                1.0676870537795249,
                1.0849072587266035
            ],
            "dtype": "float64",
            "shape": [
                5
            ]
        }
    },
    "funcsSens": {
        "DVCon1_leradius_constraints_0": {
            "shape": {
                "__ndarray__": [
                    [
                        -0.25686901113785526,
                        0.2564858233025937,
                        -0.2564858233025936,
                        0.2568690111378553
                    ],
                    [
                        -0.32810904434265753,
                        0.3261041094447367,
                        -0.25341375902391505,
                        0.25541869392183586
                    ],
                    [
                        -0.4081754150387783,
                        0.40504333499679473,
                        -0.24239958498968017,
                        0.24553166503166368
                    ],
                    [
                        -0.49722701453849344,
                        0.49345926222971825,
                        -0.22327209583838786,
                        0.22703984814716277
                    ],
                    [
                        -0.5954377625541438,
                        0.5915177149773408,
                        -0.1958658891335127,
                        0.1997859367103156
                    ]
                ],
                "dtype": "float64",
                "shape": [
                    5,
                    4
                ]
            }
        }
    }
}