{
    "dIdx": {
        "mainX": {
            "__ndarray__": [
                0.4999999999999993,
                0.0,
                0.0,
                0.7000000000000006,
                0.0,
                0.0
            ],
            "dtype": "float64",
            "shape": [
                6, 1
            ]
        }
    }
}