{
    "Updated FFD coordinates": {
        "__ndarray__": [
            [
                -1.0,
                -0.5,
                -2.804661220402718e-18
            ],
            [
                1.0,
                -0.5,
                -2.804661220402718e-18
            ],
            [
                -1.0,
                0.5,
                2.804661220402718e-18
            ],
            [
                1.0,
                0.5,
                2.804661220402718e-18
            ],
            [
                -1.9820508075688774,
                0.5669872981077806,
                8.0
            ],
            [
                1.4820508075688774,
                -1.4330127018922192,
                8.0
            ],
            [
                -1.4820508075688774,
                1.4330127018922192,
                8.0
            ],
            [
                1.9820508075688774,
                -0.5669872981077806,
                8.0
            ],
            [
                -0.33333333,
                -0.5,
                -2.804661220402718e-18
            ],
            [
                0.33333333,
                -0.5,
                -2.804661220402718e-18
            ],
            [
                -0.33333333,
                0.5,
                2.804661220402718e-18
            ],
            [
                0.33333333,
                0.5,
                2.804661220402718e-18
            ],
            [
                -0.827350263416123,
                -0.09967937189221938,
                8.0
            ],
            [
                0.32735026341612306,
                -0.7663460318922193,
                8.0
            ],
            [
                -0.3273502634161231,
                0.7663460318922193,
                8.0
            ],
            [
                0.8273502634161229,
                0.09967937189221941,
                8.0
            ],
            [
                -0.11602540378443882,
                -1.799038105676658,
                3.32194917
            ],
            [
                -1.0,
                -0.5,
                5.78384945
            ],
            [
                1.6160254037844386,
                -0.799038105676658,
                3.32194917
            ],
            [
                1.0,
                -0.5,
                5.78384945
            ],
            [
                -1.6160254037844386,
                0.799038105676658,
                3.32194917
            ],
            [
                -1.0,
                0.5,
                5.78384945
            ],
            [
                0.11602540378443882,
                1.799038105676658,
                3.32194917
            ],
            [
                1.0,
                0.5,
                5.78384945
            ],
            [
                0.46132486829193836,
                -1.465704770676658,
                3.32194917
            ],
            [
                -0.33333333,
                -0.5,
                5.78384945
            ],
            [
                1.0386751317080614,
                -1.132371440676658,
                3.32194917
            ],
            [
                0.33333333,
                -0.5,
                5.78384945
            ],
            [
                -1.0386751317080614,
                1.132371440676658,
                3.32194917
            ],
            [
                -0.33333333,
                0.5,
                5.78384945
            ],
            [
                -0.46132486829193836,
                1.465704770676658,
                3.32194917
            ],
            [
                0.33333333,
                0.5,
                5.78384945
            ]
        ],
        "dtype": "float64",
        "shape": [
            32,
            3
        ]
    },
    "dIdx": {
        "chord": {
            "__ndarray__": [
                [
                    0.10241758390157193,
                    0.0830340605766905,
                    0.022439685820876205
                ],
                [
                    0.0,
                    0.0,
                    0.0
                ],
                [
                    0.0,
                    0.0,
                    0.0
                ],
                [
                    -0.044620498913401405,
                    -0.25749326610198675,
                    -0.4953088356433645
                ],
                [
                    0.0,
                    0.0,
                    0.0
                ],
                [
                    0.0,
                    0.0,
                    0.0
                ]
            ],
            "dtype": "float64",
            "shape": [
                6,
                3
            ]
        },
        "thickness": {
            "__ndarray__": [
                [
                    0.0,
                    0.0,
                    0.0
                ],
                [
                    0.16386813424251517,
                    0.13285449692270485,
                    0.035903497313401936
                ],
                [
                    -1.003402930411725e-17,
                    -8.134991720436118e-18,
                    -2.198455153152664e-18
                ],
                [
                    0.0,
                    0.0,
                    0.0
                ],
                [
                    0.011155124728350351,
                    0.06437331652549669,
                    0.12382720891084106
                ],
                [
                    -6.830543896331872e-19,
                    -3.9417288016724475e-18,
                    -7.582229752000605e-18
                ]
            ],
            "dtype": "float64",
            "shape": [
                6,
                3
            ]
        },
        "twist": {
            "__ndarray__": [
                [
                    -0.0028600384816319536,
                    -0.0023187483973818738,
                    -0.0006266342410998022
                ],
                [
                    0.00178752405101997,
                    0.0014492177483636706,
                    0.00039164640068737623
                ],
                [
                    -2.88437708974355e-20,
                    -1.6137657620872173e-20,
                    -4.3611496822172335e-21
                ],
                [
                    -0.00019469365498035163,
                    -0.0011235263237983936,
                    -0.0021611924990490384
                ],
                [
                    -0.0007787746199214066,
                    -0.0044941052951935736,
                    -0.008644769996196155
                ],
                [
                    1.2566430479597225e-20,
                    5.004377889235119e-20,
                    9.626320031432152e-20
                ]
            ],
            "dtype": "float64",
            "shape": [
                6,
                3
            ]
        }
    }
}