{
    "funcs1": {
        "DVCon1_leradius_constraints_0": {
            "__ndarray__": [
                0.9999962914850278,
                0.999995760958035,
                0.9999998221258696,
                0.9999993319711176,
                1.000004944755905
            ],
            "dtype": "float64",
            "shape": [
                5
            ]
        }
    },
    "funcs2": {
        "DVCon1_leradius_constraints_0": {
            "__ndarray__": [
                0.4999981457425139,
                0.4999978804790175,
                0.4999999110629348,
                0.4999996659855588,
                0.5000024723779525
            ],
            "dtype": "float64",
            "shape": [
                5
            ]
        }
    },
    "funcsSens": {
        "DVCon1_leradius_constraints_0": {
            "scale_circle": {
                "__ndarray__": [
                    [
                        0.9999962914850281
                    ],
                    [
                        0.9999957609580348
                    ],
                    [
                        0.9999998221258697
                    ],
                    [
                        0.9999993319711181
                    ],
                    [
                        1.000004944755905
                    ]
                ],
                "dtype": "float64",
                "shape": [
                    5,
                    1
                ]
            }
        }
    }
}